******************************************************************************
                  MSP430 Linker PC v21.6.0                     
******************************************************************************
>> Linked Tue Sep 27 14:39:28 2022

OUTPUT FILE NAME:   <Default_TI_Souce_Code.out>
ENTRY POINT SYMBOL: "_c_int00_noargs"  address: 00005ffe


MEMORY CONFIGURATION

         name            origin    length      used     unused   attr    fill
----------------------  --------  ---------  --------  --------  ----  --------
  TINYRAM               0000000a   00000016  00000000  00000016  RWIX
  BSL                   00001000   00000800  00000000  00000800  RWIX
  CAL_CONF              00001900   00000100  00000000  00000100  RWIX
  TLVMEM                00001a00   00000100  00000000  00000100  RWIX
  BOOTROM               00001b00   00000100  00000000  00000100  RWIX
  RAM                   00001c00   00001000  00000ccd  00000333  RWIX
  LEARAM                00002c00   00000ec8  00000a38  00000490  RWIX
  LEASTACK              00003ac8   00000138  00000000  00000138  RWIX
  FRAM                  00004000   0000bf80  000027be  000097c2  RWIX
  JTAGSIGNATURE         0000ff80   00000004  00000004  00000000  RWIX  ffff 
  BSLSIGNATURE          0000ff84   00000004  00000004  00000000  RWIX  ffff 
  IPESIGNATURE          0000ff88   00000008  00000008  00000000  RWIX  ffff 
  INT00                 0000ff90   00000002  00000000  00000002  RWIX
  INT01                 0000ff92   00000002  00000000  00000002  RWIX
  INT02                 0000ff94   00000002  00000000  00000002  RWIX
  INT03                 0000ff96   00000002  00000000  00000002  RWIX
  INT04                 0000ff98   00000002  00000000  00000002  RWIX
  INT05                 0000ff9a   00000002  00000000  00000002  RWIX
  INT06                 0000ff9c   00000002  00000000  00000002  RWIX
  INT07                 0000ff9e   00000002  00000000  00000002  RWIX
  INT08                 0000ffa0   00000002  00000000  00000002  RWIX
  INT09                 0000ffa2   00000002  00000000  00000002  RWIX
  INT10                 0000ffa4   00000002  00000000  00000002  RWIX
  INT11                 0000ffa6   00000002  00000000  00000002  RWIX
  INT12                 0000ffa8   00000002  00000000  00000002  RWIX
  INT13                 0000ffaa   00000002  00000000  00000002  RWIX
  INT14                 0000ffac   00000002  00000002  00000000  RWIX
  INT15                 0000ffae   00000002  00000002  00000000  RWIX
  INT16                 0000ffb0   00000002  00000002  00000000  RWIX
  INT17                 0000ffb2   00000002  00000002  00000000  RWIX
  INT18                 0000ffb4   00000002  00000002  00000000  RWIX
  INT19                 0000ffb6   00000002  00000002  00000000  RWIX
  INT20                 0000ffb8   00000002  00000002  00000000  RWIX
  INT21                 0000ffba   00000002  00000002  00000000  RWIX
  INT22                 0000ffbc   00000002  00000002  00000000  RWIX
  INT23                 0000ffbe   00000002  00000002  00000000  RWIX
  INT24                 0000ffc0   00000002  00000002  00000000  RWIX
  INT25                 0000ffc2   00000002  00000002  00000000  RWIX
  INT26                 0000ffc4   00000002  00000002  00000000  RWIX
  INT27                 0000ffc6   00000002  00000002  00000000  RWIX
  INT28                 0000ffc8   00000002  00000002  00000000  RWIX
  INT29                 0000ffca   00000002  00000002  00000000  RWIX
  INT30                 0000ffcc   00000002  00000002  00000000  RWIX
  INT31                 0000ffce   00000002  00000002  00000000  RWIX
  INT32                 0000ffd0   00000002  00000002  00000000  RWIX
  INT33                 0000ffd2   00000002  00000002  00000000  RWIX
  INT34                 0000ffd4   00000002  00000002  00000000  RWIX
  INT35                 0000ffd6   00000002  00000002  00000000  RWIX
  INT36                 0000ffd8   00000002  00000002  00000000  RWIX
  INT37                 0000ffda   00000002  00000002  00000000  RWIX
  INT38                 0000ffdc   00000002  00000002  00000000  RWIX
  INT39                 0000ffde   00000002  00000002  00000000  RWIX
  INT40                 0000ffe0   00000002  00000002  00000000  RWIX
  INT41                 0000ffe2   00000002  00000002  00000000  RWIX
  INT42                 0000ffe4   00000002  00000002  00000000  RWIX
  INT43                 0000ffe6   00000002  00000002  00000000  RWIX
  INT44                 0000ffe8   00000002  00000002  00000000  RWIX
  INT45                 0000ffea   00000002  00000002  00000000  RWIX
  INT46                 0000ffec   00000002  00000002  00000000  RWIX
  INT47                 0000ffee   00000002  00000002  00000000  RWIX
  INT48                 0000fff0   00000002  00000002  00000000  RWIX
  INT49                 0000fff2   00000002  00000002  00000000  RWIX
  INT50                 0000fff4   00000002  00000002  00000000  RWIX
  INT51                 0000fff6   00000002  00000002  00000000  RWIX
  INT52                 0000fff8   00000002  00000002  00000000  RWIX
  INT53                 0000fffa   00000002  00000002  00000000  RWIX
  INT54                 0000fffc   00000002  00000002  00000000  RWIX
  RESET                 0000fffe   00000002  00000002  00000000  RWIX
  FRAM2                 00010000   00033fe0  0000a2a4  00029d3c  RWIX
  VERSION               00043ff0   00000008  00000008  00000000  RWIX
  LIB_VERSION           00043ff8   00000008  00000008  00000000  RWIX


SECTION ALLOCATION MAP

 output                                  attributes/
section   page    origin      length       input sections
--------  ----  ----------  ----------   ----------------
uss_config 
*          0    00004000    0000012c     
                  00004000    00000022     USS_userConfig.obj (.TI.persistent:gUssSWConfig)
                  00004022    0000000c     USS_userConfig.obj (.TI.persistent:ussSystemConfig)
                  0000402e    00000010     USS_userConfig.obj (.TI.persistent:ussMeterConfig)
                  0000403e    00000022     USS_userConfig.obj (.TI.persistent:ussMeasurementConfig)
                  00004060    0000000c     USS_userConfig.obj (.TI.persistent:ussPLLConfig)
                  0000406c    0000001a     USS_userConfig.obj (.TI.persistent:ussCaptureConfig)
                  00004086    00000002     USS_userConfig.obj (.TI.persistent:ussTriggerConfig)
                  00004088    00000002     USS_userConfig.obj (.TI.persistent:ussInterruptConfig)
                  0000408a    0000008a     USS_userConfig.obj (.TI.persistent:ussAlgConfig)
                  00004114    00000014     USS_userConfig.obj (.TI.persistent:ussPulseConfig)
                  00004128    00000004     USS_userConfig.obj (.TI.persistent:singDualToneConfig)

.binit     0    00004000    00000000     

.TI.persistent 
*          0    0000412c    00000f34     
                  0000412c    00000a50     USS_userConfig.obj (.TI.persistent:gNVMemBlock)
                  00004b7c    00000342     results.obj (.TI.persistent:g_ResultsOfLastMeasurement)
                  00004ebe    0000005a     hmi.obj (.TI.persistent:gHMI)
                  00004f18    0000003f     hmi.obj (.TI.persistent:gstxPacket)
                  00004f57    0000003f     comm.obj (.TI.persistent:packet)
                  00004f96    00000038     USS_Lib_HAL.obj (.TI.persistent)
                  00004fce    00000030     USS_userConfig.obj (.TI.persistent:gUSSHilbertCoeffs)
                  00004ffe    00000024     USS_userConfig.obj (.TI.persistent:ussAlgorithmMeterConstCalib)
                  00005022    0000001a     lcd_statemachine.obj (.TI.persistent:displayData)
                  0000503c    00000010     mathematics.obj (.TI.persistent)
                  0000504c    0000000c     lcd_statemachine.obj (.TI.persistent:g_lcd_statemachine)
                  00005058    00000006     USS_userConfig.obj (.TI.persistent:ussAlgorithmVolumeFlowObj)
                  0000505e    00000002     USS_App_userConfig.obj (.TI.persistent:USS_App_userConfig)

.cio       0    00005060    00000000     UNINITIALIZED

.sysmem    0    00005060    00000000     UNINITIALIZED

.ipestruct 
*          0    00005400    00000000     UNINITIALIZED

.ipe       0    00005400    00000000     UNINITIALIZED

.ipe_const 
*          0    00005400    00000000     UNINITIALIZED

.ipe:_isr 
*          0    00005400    00000000     UNINITIALIZED

.cinit     0    0000677a    00000044     
                  0000677a    00000013     (.cinit..data.load) [load image, compression = lzss]
                  0000678d    00000001     --HOLE-- [fill = 0]
                  0000678e    0000000c     (__TI_handler_table)
                  0000679a    00000006     (.cinit..bss.load) [load image, compression = zero_init]
                  000067a0    00000006     (.cinit..leaRAM.load) [load image, compression = zero_init]
                  000067a6    00000018     (__TI_cinit_table)

.version   0    00043ff0    00000008     
                  00043ff0    00000008     main.obj (.version:retain)

.libVersion 
*          0    00043ff8    00000008     
                  00043ff8    00000008     ussSwLibCommonAlgorithms.obj (.libVersion:retain)

.init_array 
*          0    00004000    00000000     UNINITIALIZED

.USS_ramfunc 
*          0    00005400    00000838     
                  00005400    000001e4     USS_math.obj (.USS_ramfunc:USS_iq30Atan2)
                  000055e4    00000178     USS_computeAbsTOF_lobe.obj (.USS_ramfunc:USS_computeAbsTOF_lobe_track)
                  0000575c    00000106     USS_support_lea.obj (.USS_ramfunc:USS_corr3)
                  00005862    000000fc     USS_math.obj (.USS_ramfunc:USS_iq31Div)
                  0000595e    000000d6     USS_cosInterpolation.obj (.USS_ramfunc:USS_cosInterpolation)
                  00005a34    000000c6     USS_math.obj (.USS_ramfunc:USS_iq31toiq29Asin)
                  00005afa    00000092     USS_math.obj (.USS_ramfunc:USS_iq31Cos)
                  00005b8c    00000052     USS_computeAbsTOF_lobe.obj (.USS_ramfunc:USS_computeAbsTOF_lobe)
                  00005bde    0000003c     USS_support_lea.obj (.USS_ramfunc:USS_runWindow)
                  00005c1a    0000001e     USS_support_lea.obj (.USS_ramfunc:USS_runParabolicInterpolation)

.text:_isr 
*          0    00005c38    000003f4     
                  00005c38    00000136     i2cslave.obj (.text:_isr:I2CSlave_ISR)
                  00005d6e    0000009e     USS_Lib_HAL.obj (.text:_isr:ISR_SDHS)
                  00005e0c    0000006a     USS_Lib_HAL.obj (.text:_isr:ISR_SAPH)
                  00005e76    00000052     USS_Lib_HAL.obj (.text:_isr:ISR_UUPS)
                  00005ec8    00000044     hal_adc.obj (.text:_isr:ADC12_ISR)
                  00005f0c    0000002a     USS_Lib_HAL.obj (.text:_isr:USSLIB_HAL_TIMER_INT_CCRn)
                  00005f36    00000024     USS_Lib_HAL.obj (.text:_isr:ISR_HSPLL)
                  00005f5a    00000022     timeout.obj (.text:_isr:FunctionTimer_A_ISR)
                  00005f7c    00000022     timeout.obj (.text:_isr:FunctionTimer_B_ISR)
                  00005f9e    00000022     USS_Lib_HAL.obj (.text:_isr:USSLIB_HAL_TIMER_INT)
                  00005fc0    00000020     USS_Lib_HAL.obj (.text:_isr:USS_LEA_ISR)
                  00005fe0    0000001e     hal_uart.obj (.text:_isr:hal_uart_ISR)
                  00005ffe    0000001c     rts430x_lc_ld_eabi.lib : boot.c.obj (.text:_isr:_c_int00_noargs)
                  0000601a    0000000a     USS_Lib_HAL.obj (.text:_isr:DMA_HSPLL)
                  00006024    00000008     rts430x_lc_ld_eabi.lib : isr_trap.asm.obj (.text:_isr:__TI_ISR_TRAP)

.bss       0    00001c00    0000073e     UNINITIALIZED
                  00001c00    00000320     (.common:Comm_transmitBuffer)
                  00001f20    00000280     (.common:Comm_i2cSlaveRxBuffer)
                  000021a0    00000100     (.common:gUSSAlgObject)
                  000022a0    00000040     (.common:Comm_receiveBuffer)
                  000022e0    0000001a     (.common:alg_results_float)
                  000022fa    00000012     hal_adc.obj (.bss)
                  0000230c    0000000a     (.common:Comm_receiveQueue)
                  00002316    00000004     (.common:DC_User_Params)
                  0000231a    00000004     (.common:USSSWLIB_USS_interrupt_status)
                  0000231e    00000004     (.common:gRXUpdateFlag)
                  00002322    00000004     (.common:g_pFunctionTimer)
                  00002326    00000004     (.common:g_pI2CSlavePort)
                  0000232a    00000004     (.common:g_pI2CTransmitBuffer)
                  0000232e    00000002     ussSwLibAlgorithms.obj (.bss)
                  00002330    00000002     (.common:USSSWLIB_USS_measurementPeriod)
                  00002332    00000002     (.common:USS_LEA_IFG)
                  00002334    00000002     (.common:g_ui16I2CIndex)
                  00002336    00000002     (.common:g_ui16I2CLength)
                  00002338    00000002     (.common:i16max_amplitude)
                  0000233a    00000002     (.common:state)
                  0000233c    00000001     hal_uart.obj (.bss)
                  0000233d    00000001     (.common:g_bI2CSlaveRequestPending)

.data      0    0000233e    0000018f     UNINITIALIZED
                  0000233e    000000ea     comm_config.obj (.data:Comm_listenerTable)
                  00002428    00000072     ussDCCommandHandlers.obj (.data:gCommandHandler)
                  0000249a    0000001e     hal_lcd.obj (.data:LCDMemMap)
                  000024b8    00000008     cs.obj (.data)
                  000024c0    00000006     comm_config.obj (.data:Comm_listenerConfig)
                  000024c6    00000002     packet.obj (.data)
                  000024c8    00000002     results.obj (.data)
                  000024ca    00000002     rts430x_lc_ld_eabi.lib : errno.c.obj (.data)
                  000024cc    00000001     i2cslave.obj (.data)

.stack     0    00002800    00000400     UNINITIALIZED
                  00002800    00000004     rts430x_lc_ld_eabi.lib : boot.c.obj (.stack)
                  00002804    000003fc     --HOLE--

.leaRAM    0    00002c00    00000a38     UNINITIALIZED
                  00002c00    000009d8     USS_userConfig.obj (.leaRAM)
                  000035d8    00000040     ussSwLibAlgorithms.obj (.leaRAM)
                  00003618    00000018     USS_lea.obj (.leaRAM)
                  00003630    00000008     USS_math.obj (.leaRAM)

$fill000   0    0000ff80    00000004     
                  0000ff80    00000004     --HOLE-- [fill = ffff]

$fill001   0    0000ff84    00000004     
                  0000ff84    00000004     --HOLE-- [fill = ffff]

$fill002   0    0000ff88    00000008     
                  0000ff88    00000008     --HOLE-- [fill = ffff]

SDHS       0    0000ffac    00000002     
                  0000ffac    00000002     USS_Lib_HAL.obj (.int14)

SAPH       0    0000ffae    00000002     
                  0000ffae    00000002     USS_Lib_HAL.obj (.int15)

HSPLL      0    0000ffb0    00000002     
                  0000ffb0    00000002     USS_Lib_HAL.obj (.int16)

UUPS       0    0000ffb2    00000002     
                  0000ffb2    00000002     USS_Lib_HAL.obj (.int17)

LEA        0    0000ffb4    00000002     
                  0000ffb4    00000002     USS_Lib_HAL.obj (.int18)

PORT9      0    0000ffb6    00000002     
                  0000ffb6    00000002     rts430x_lc_ld_eabi.lib : int19.asm.obj (.int19)

PORT8      0    0000ffb8    00000002     
                  0000ffb8    00000002     rts430x_lc_ld_eabi.lib : int20.asm.obj (.int20)

PORT7      0    0000ffba    00000002     
                  0000ffba    00000002     rts430x_lc_ld_eabi.lib : int21.asm.obj (.int21)

EUSCI_B1   0    0000ffbc    00000002     
                  0000ffbc    00000002     rts430x_lc_ld_eabi.lib : int22.asm.obj (.int22)

EUSCI_A3   0    0000ffbe    00000002     
                  0000ffbe    00000002     rts430x_lc_ld_eabi.lib : int23.asm.obj (.int23)

EUSCI_A2   0    0000ffc0    00000002     
                  0000ffc0    00000002     rts430x_lc_ld_eabi.lib : int24.asm.obj (.int24)

PORT6      0    0000ffc2    00000002     
                  0000ffc2    00000002     rts430x_lc_ld_eabi.lib : int25.asm.obj (.int25)

PORT5      0    0000ffc4    00000002     
                  0000ffc4    00000002     rts430x_lc_ld_eabi.lib : int26.asm.obj (.int26)

TIMER4_A1 
*          0    0000ffc6    00000002     
                  0000ffc6    00000002     rts430x_lc_ld_eabi.lib : int27.asm.obj (.int27)

TIMER4_A0 
*          0    0000ffc8    00000002     
                  0000ffc8    00000002     rts430x_lc_ld_eabi.lib : int28.asm.obj (.int28)

AES256     0    0000ffca    00000002     
                  0000ffca    00000002     rts430x_lc_ld_eabi.lib : int29.asm.obj (.int29)

RTC_C      0    0000ffcc    00000002     
                  0000ffcc    00000002     rts430x_lc_ld_eabi.lib : int30.asm.obj (.int30)

LCD_C      0    0000ffce    00000002     
                  0000ffce    00000002     rts430x_lc_ld_eabi.lib : int31.asm.obj (.int31)

PORT4      0    0000ffd0    00000002     
                  0000ffd0    00000002     rts430x_lc_ld_eabi.lib : int32.asm.obj (.int32)

PORT3      0    0000ffd2    00000002     
                  0000ffd2    00000002     rts430x_lc_ld_eabi.lib : int33.asm.obj (.int33)

TIMER3_A1 
*          0    0000ffd4    00000002     
                  0000ffd4    00000002     rts430x_lc_ld_eabi.lib : int34.asm.obj (.int34)

TIMER3_A0 
*          0    0000ffd6    00000002     
                  0000ffd6    00000002     rts430x_lc_ld_eabi.lib : int35.asm.obj (.int35)

PORT2      0    0000ffd8    00000002     
                  0000ffd8    00000002     rts430x_lc_ld_eabi.lib : int36.asm.obj (.int36)

TIMER2_A1 
*          0    0000ffda    00000002     
                  0000ffda    00000002     timeout.obj (.int37)

TIMER2_A0 
*          0    0000ffdc    00000002     
                  0000ffdc    00000002     timeout.obj (.int38)

PORT1      0    0000ffde    00000002     
                  0000ffde    00000002     rts430x_lc_ld_eabi.lib : int39.asm.obj (.int39)

TIMER1_A1 
*          0    0000ffe0    00000002     
                  0000ffe0    00000002     USS_Lib_HAL.obj (.int40)

TIMER1_A0 
*          0    0000ffe2    00000002     
                  0000ffe2    00000002     USS_Lib_HAL.obj (.int41)

DMA        0    0000ffe4    00000002     
                  0000ffe4    00000002     USS_Lib_HAL.obj (.int42)

EUSCI_A1   0    0000ffe6    00000002     
                  0000ffe6    00000002     hal_uart.obj (.int43)

TIMER0_A1 
*          0    0000ffe8    00000002     
                  0000ffe8    00000002     rts430x_lc_ld_eabi.lib : int44.asm.obj (.int44)

TIMER0_A0 
*          0    0000ffea    00000002     
                  0000ffea    00000002     rts430x_lc_ld_eabi.lib : int45.asm.obj (.int45)

ADC12_B    0    0000ffec    00000002     
                  0000ffec    00000002     hal_adc.obj (.int46)

EUSCI_B0   0    0000ffee    00000002     
                  0000ffee    00000002     i2cslave.obj (.int47)

EUSCI_A0   0    0000fff0    00000002     
                  0000fff0    00000002     rts430x_lc_ld_eabi.lib : int48.asm.obj (.int48)

WDT        0    0000fff2    00000002     
                  0000fff2    00000002     rts430x_lc_ld_eabi.lib : int49.asm.obj (.int49)

TIMER0_B1 
*          0    0000fff4    00000002     
                  0000fff4    00000002     rts430x_lc_ld_eabi.lib : int50.asm.obj (.int50)

TIMER0_B0 
*          0    0000fff6    00000002     
                  0000fff6    00000002     rts430x_lc_ld_eabi.lib : int51.asm.obj (.int51)

COMP_E     0    0000fff8    00000002     
                  0000fff8    00000002     rts430x_lc_ld_eabi.lib : int52.asm.obj (.int52)

UNMI       0    0000fffa    00000002     
                  0000fffa    00000002     rts430x_lc_ld_eabi.lib : int53.asm.obj (.int53)

SYSNMI     0    0000fffc    00000002     
                  0000fffc    00000002     rts430x_lc_ld_eabi.lib : int54.asm.obj (.int54)

.reset     0    0000fffe    00000002     
                  0000fffe    00000002     rts430x_lc_ld_eabi.lib : boot.c.obj (.reset)

.const     0    0000602c    0000074e     
                  0000602c    00000400     USS_userConfig.obj (.const:gUSSAbsToFLUT)
                  0000642c    00000100     QmathLib_CCS_MPY32_5xx_6xx_CPUX_large_code_large_data.lib : _QNtables.o (.const:_Q16div_coeffs)
                  0000652c    000000b6     lcd_statemachine.obj (.const:.string)
                  000065e2    00000041     IQmathLib_CCS_MPY32_5xx_6xx_CPUX_large_code_large_data.lib : _IQNtables.o (.const:.string:_IQ6div_lookup)
                  00006623    0000003f     USS_computeDeltaTOF_estimate.obj (.const:$P$T0$1)
                  00006662    0000003f     USS_computeDeltaTOF_estimate.obj (.const:$P$T1$2)
                  000066a1    00000001     --HOLE-- [fill = 0]
                  000066a2    00000034     hal_lcd.obj (.const:alphabetBigTable)
                  000066d6    00000026     hal_lcd.obj (.const:symbolTable)
                  000066fc    0000001c     gpio.obj (.const:GPIO_PORT_TO_BASE)
                  00006718    0000001b     ussDCCommandHandlers.obj (.const:.string:$P$T0$1)
                  00006733    00000001     --HOLE-- [fill = 0]
                  00006734    00000014     hal_lcd.obj (.const:digitTable)
                  00006748    00000010     comm.obj (.const:Comm_i2cSlavePort)
                  00006758    0000000c     i2cslave.obj (.const:g_I2CSlaveFunctionTimer)
                  00006764    0000000a     hal_adc.obj (.const:$P$T0$1)
                  0000676e    00000006     hal_lcd.obj (.const:.string:$P$T1$2)
                  00006774    00000006     i2cslave.obj (.const:g_I2CSlaveConfiguration)

.text      0    00010000    0000a2a4     
                  00010000    0000072a     rts430x_lc_ld_eabi.lib : addd.c.obj (.text:__mspabi_addd)
                  0001072a    00000522     USS_computeDeltaTOF_estimate.obj (.text:USS_computeDeltaTOF_estimate)
                  00010c4c    000004c6     USS_init.obj (.text:USS_init)
                  00011112    00000466     rts430x_lc_ld_eabi.lib : frcdivd.c.obj (.text:__TI_frcdivd)
                  00011578    0000034e                            : div64u.c.obj (.text:__mspabi_divull)
                  000118c6    00000342     mathematics.obj (.text:mathematics_FloatToString)
                  00011c08    000002ec     ussSwLibAlgorithms.obj (.text:USS_initAlgorithms)
                  00011ef4    000002de     rts430x_lc_ld_eabi.lib : e_sqrt.c.obj (.text:sqrt)
                  000121d2    00000298     hmi.obj (.text:HMI_guiInputValidation)
                  0001246a    00000298     rts430x_lc_ld_eabi.lib : mpyd.c.obj (.text:__mspabi_mpyd)
                  00012702    00000278     ussSwLibCommonSAPH.obj (.text:commonValidateSAPHconfigruation)
                  0001297a    0000024e     USS_computeAbsTOF_lobe.obj (.text:USS_computeAbsTOF_lobe_search)
                  00012bc8    0000024c     hmi.obj (.text:HMI_updateUSSParameters)
                  00012e14    00000226     USS_computeDeltaTOF_estimate.obj (.text:USS_runSampleCorrection)
                  0001303a    00000222     rts430x_lc_ld_eabi.lib : divd.c.obj (.text:__mspabi_divd)
                  0001325c    000001f4     ussSwLibAlgorithms.obj (.text:privateRunAlg)
                  00013450    000001e8     ussDCCommandHandlers.obj (.text:CommandHandler_registerCmdListeners)
                  00013638    000001d4     ussSwLibConfiguration.obj (.text:USS_updateSAPHConfiguration)
                  0001380c    000001d4     IQmathLib_CCS_MPY32_5xx_6xx_CPUX_large_code_large_data.lib : _IQNdiv.o (.text:_IQ21div)
                  000139e0    000001c4     rts430x_lc_ld_eabi.lib : s_floor.c.obj (.text:floor)
                  00013ba4    000001ba     ussSwLibAlgorithms.obj (.text:USS_generateMonoDualToneBinaryPattern)
                  00013d5e    00000198     hmi.obj (.text:HMI_update_USSmeasurementConfig)
                  00013ef6    00000194     USS_computeDeltaTOF_estimate.obj (.text:USS_generateWindow)
                  0001408a    00000186     hal_system.obj (.text:hal_system_Init)
                  00014210    00000168     ussSwLibAlgorithms.obj (.text:USS_updateClockRelativeError)
                  00014378    00000164     rts430x_lc_ld_eabi.lib : frcmpyd.c.obj (.text:__TI_frcmpyd)
                  000144dc    00000162     ussSwLibCommonSAPH.obj (.text:commonConfigurePPGDutyCyle)
                  0001463e    0000014e     ussDCCommandHandlers.obj (.text:CommandHandler_transmitCapturePackages)
                  0001478c    0000013c     USS_updateADCParams.obj (.text:USS_updateADCParams)
                  000148c8    00000136     hmi.obj (.text:HMI_PostAlgorithm_Update)
                  000149fe    00000132     ussDCCommandHandlers.obj (.text:resolveRXFlag)
                  00014b30    00000132     rts430x_lc_ld_eabi.lib : fs_add.asm.obj (.text)
                  00014c62    00000130     hal_adc.obj (.text:hal_adc_init)
                  00014d92    0000011e     ussDCCommandHandlers.obj (.text:CommandHandler_transmitResults)
                  00014eb0    00000114     ussSwLibConfiguration.obj (.text:USS_updateHSPLLConfiguration)
                  00014fc4    0000010c     ussDCCommandHandlers.obj (.text:Handler_req_calibration_config_id)
                  000150d0    00000106     rts430x_lc_ld_eabi.lib : s_round.c.obj (.text:round)
                  000151d6    00000104     packet.obj (.text:Packet_extractFromStream)
                  000152da    000000f8     hmi.obj (.text:HMI_update_USSpllConfiguration)
                  000153d2    000000f2     hal_adc.obj (.text:hal_adc_voltagesupply_readmV)
                  000154c4    000000f0     cs.obj (.text:CS_setDCOFreq)
                  000155b4    000000ee     hal_lcd.obj (.text:hal_lcd_displayScrollText)
                  000156a2    000000e2     results.obj (.text:results_Update)
                  00015784    000000dc     lcd_statemachine.obj (.text:lcd_statemachine_displayScrollStatistics)
                  00015860    000000d8     rts430x_lc_ld_eabi.lib : cmpd.c.obj (.text:__mspabi_cmpd)
                  00015938    000000d4     ussDCCommandHandlers.obj (.text:Handler_mtr_calibration_table_id)
                  00015a0c    000000d0     ussDCCommandHandlers.obj (.text:Handler_calib_linear_constants_id)
                  00015adc    000000ca     ussSwLibCommonHSPLL.obj (.text:commonGetHSPLLFreqInHz)
                  00015ba6    000000ca     ussSwLibCommonAlgorithms.obj (.text:commonGetPLLFreqInHz)
                  00015c70    000000be     QmathLib_CCS_MPY32_5xx_6xx_CPUX_large_code_large_data.lib : _QNdiv.o (.text:_Q15div)
                  00015d2e    000000bc     lcd_statemachine.obj (.text:lcd_statemachine_stateAction)
                  00015dea    000000ba     ussSwLibMeasurement.obj (.text:USS_commonTriggerSingleCapture)
                  00015ea4    000000ba     ussSwLibAlgorithms.obj (.text:USS_getResultsInFloat)
                  00015f5e    000000ba     ussSwLibCommonUSS.obj (.text:commonIsconversionSuccessfull)
                  00016018    000000b8     hal_lcd.obj (.text:hal_lcd_showCharwPoint)
                  000160d0    000000b8     mathematics.obj (.text:mathematics_CalcStDevflt)
                  00016188    000000b8     rts430x_lc_ld_eabi.lib : fs_mpy.asm.obj (.text)
                  00016240    000000b2     USS_run.obj (.text:USS_run)
                  000162f2    000000b2     rts430x_lc_ld_eabi.lib : cvtdf.c.obj (.text:__mspabi_cvtdf)
                  000163a4    000000b2     ussSwLibAlgorithms.obj (.text:privateGeneratePattern)
                  00016456    000000ae     USS_filter.obj (.text:USS_filter)
                  00016504    000000a4     hmi.obj (.text:HMI_reportError_sendErrorMessage)
                  000165a8    0000009e     rts430x_lc_ld_eabi.lib : fltlid.c.obj (.text:__mspabi_fltlid)
                  00016646    00000096     ussDCCommandHandlers.obj (.text:CommandHandler_updateParams)
                  000166dc    00000096     ussSwLibCommonUSS.obj (.text:commonUpdateUSSULPbiasDelay)
                  00016772    00000096     lcd_statemachine.obj (.text:lcd_statemachine_stateUpdate)
                  00016808    00000096     ussSwLibAlgorithms.obj (.text:privatePadCaptures)
                  0001689e    00000090     hal_lcd.obj (.text:hal_lcd_Init)
                  0001692e    00000090     rts430x_lc_ld_eabi.lib : fs_div.asm.obj (.text)
                  000169be    0000008a     ussSwLibVFRCalibFlow.obj (.text:USS_calibrateVFRFlow)
                  00016a48    0000008a     USS_computeVolumeFlowRate_water.obj (.text:USS_computeVolumeFlowRate_water)
                  00016ad2    00000088     adc12_b.obj (.text:ADC12_B_init)
                  00016b5a    00000088     USSLibGUIApp.obj (.text:USSLibGUIApp_Init)
                  00016be2    00000086     lcd_c.obj (.text:LCD_C_setPinAsLCDFunctionEx)
                  00016c68    00000086     USSLibGUIApp.obj (.text:USSLibGUIApp_Engine)
                  00016cee    00000082     USS_cosInterpolation.obj (.text:USS_generateOmega)
                  00016d70    00000082     ussSwLibConfiguration.obj (.text:USS_updateSDHSConfiguration)
                  00016df2    00000080     testing.obj (.text:Testing_PostMeasurement_Update)
                  00016e72    00000080     IQmathLib_CCS_MPY32_5xx_6xx_CPUX_large_code_large_data.lib : __IQNrsmpy.o (.text:_IQ15rsmpy)
                  00016ef2    00000080     rts430x_lc_ld_eabi.lib : fltuld.c.obj (.text:__mspabi_fltuld)
                  00016f72    00000080     ussSwLibCommonTimer.obj (.text:commonTimerGenerateLowPowerDelay)
                  00016ff2    00000080     hal_lcd.obj (.text:hal_lcd_showBattery)
                  00017072    0000007e     ussDCCommandHandlers.obj (.text:CommandHandler_transmitCaptures)
                  000170f0    0000007e     hmi.obj (.text:HMI_PreMeasurement_Update)
                  0001716e    0000007e     IQmathLib_CCS_MPY32_5xx_6xx_CPUX_large_code_large_data.lib : __IQNrsmpy.o (.text:_IQ19rsmpy)
                  000171ec    0000007e     rts430x_lc_ld_eabi.lib : fs_tol.asm.obj (.text)
                  0001726a    0000007c     IQmathLib_CCS_MPY32_5xx_6xx_CPUX_large_code_large_data.lib : __IQNrsmpy.o (.text:_IQ30rsmpy)
                  000172e6    0000007a     ussSwLibCommonSDHS.obj (.text:commonValidateSDHSconfigruation)
                  00017360    00000078     rts430x_lc_ld_eabi.lib : autoinit.c.obj (.text:__TI_auto_init_nobinit_nopinit_hold_wdt:__TI_auto_init_nobinit_nopinit_hold_wdt)
                  000173d8    00000078     lcd_statemachine.obj (.text:lcd_satemachine_srollState)
                  00017450    00000078     mathematics.obj (.text:mathematics_CalcPercentage)
                  000174c8    00000076     rts430x_lc_ld_eabi.lib : copy_decompress_lzss.c.obj (.text:decompress:lzss:__TI_decompress_lzss)
                  0001753e    00000074     ussSwLibVFRCalibFlow.obj (.text:USS_findMeterConstantRange)
                  000175b2    00000074     ussSwLibAlgorithms.obj (.text:USS_runAlgorithmsFixedPoint)
                  00017626    00000074     mathematics.obj (.text:mathematics_CalcAverageflt)
                  0001769a    00000072     IQmathLib_CCS_MPY32_5xx_6xx_CPUX_large_code_large_data.lib : _IQNtoF.o (.text:_IQ16toF)
                  0001770c    00000072                                                                : _IQNtoF.o (.text:_IQ21toF)
                  0001777e    00000072                                                                : _IQNtoF.o (.text:_IQ27toF)
                  000177f0    00000072                                                                : _IQNtoF.o (.text:_IQ30toF)
                  00017862    0000006e     ussDCCommandHandlers.obj (.text:Handler_app_version)
                  000178d0    0000006c     USSLibGUIApp.obj (.text:USSLibGUIApp_ReInitialize)
                  0001793c    0000006c     ussSwLibMeasurement.obj (.text:USS_startLowPowerUltrasonicCapture)
                  000179a8    0000006a     results.obj (.text:results_Reset)
                  00017a12    00000068     gpio.obj (.text:GPIO_setAsPeripheralModuleFunctionInputPin)
                  00017a7a    00000068     rts430x_lc_ld_eabi.lib : fixdul.c.obj (.text:__mspabi_fixdul)
                  00017ae2    00000068                            : fs_toi.asm.obj (.text)
                  00017b4a    00000068     hmi.obj (.text:timeToPLLCycles)
                  00017bb2    00000066     ussSwLibCommonAlgorithms.obj (.text:commonValidateAlgorithmsConfiguration)
                  00017c18    00000064     rts430x_lc_ld_eabi.lib : cvtfd.c.obj (.text:__mspabi_cvtfd)
                  00017c7c    00000064     lcd_statemachine.obj (.text:lcd_statemachine_displayAvgFlowRate)
                  00017ce0    00000064     lcd_statemachine.obj (.text:lcd_statemachine_displayFlowRate)
                  00017d44    00000064     lcd_statemachine.obj (.text:lcd_statemachine_displayVolume)
                  00017da8    00000064     mathematics.obj (.text:mathematics_IntToStr)
                  00017e0c    00000062     i2cslave.obj (.text:I2CSlave_openPort)
                  00017e6e    00000060     ussSwLibCommonAlgorithms.obj (.text:commonValidateMeterConstantConfiguration)
                  00017ece    0000005e     ussDCCommandHandlers.obj (.text:Handler_f1_and_f2)
                  00017f2c    0000005e     listener.obj (.text:Listener_registerListener)
                  00017f8a    0000005e     USS_support_lea.obj (.text:USS_addOffset)
                  00017fe8    0000005e     USS_support_lea.obj (.text:USS_lea_invokeCommand)
                  00018046    0000005e     USS_support_lea.obj (.text:USS_scaleSamples)
                  000180a4    0000005e     hal_system.obj (.text:hal_system_ButtonsCheck)
                  00018102    0000005e     hal_system.obj (.text:hal_system_ButtonsInit)
                  00018160    0000005c     IQmathLib_CCS_MPY32_5xx_6xx_CPUX_large_code_large_data.lib : __IQNmpy.o (.text:_IQ21mpy)
                  000181bc    0000005c     rts430x_lc_ld_eabi.lib : mult64_f5hw.asm.obj (.text:__mpyll)
                  00018218    0000005a     i2cslave.obj (.text:I2CSlave_handleEndOfReceive)
                  00018272    0000005a     ussSwLibCommonUSS.obj (.text:commonWaitForconversion)
                  000182cc    00000058     byte_queue.obj (.text:ByteQueue_push)
                  00018324    00000058     rts430x_lc_ld_eabi.lib : div32u.asm.obj (.text)
                  0001837c    00000056     cs.obj (.text:CS_initClockSignal)
                  000183d2    00000056     IQmathLib_CCS_MPY32_5xx_6xx_CPUX_large_code_large_data.lib : __IQNrmpy.o (.text:_IQ12rmpy)
                  00018428    00000056     ussDCCommandHandlers.obj (.text:processCommand)
                  0001847e    00000054     USS_support_lea.obj (.text:USS_addSamples)
                  000184d2    00000054     IQmathLib_CCS_MPY32_5xx_6xx_CPUX_large_code_large_data.lib : __IQNmpy.o (.text:_IQ20mpy)
                  00018526    00000054     rts430x_lc_ld_eabi.lib : rem64u.c.obj (.text:__mspabi_remull)
                  0001857a    00000052     lcd_c.obj (.text:LCD_C_setMemory)
                  000185cc    00000052     USS_support_lea.obj (.text:USS_fir)
                  0001861e    00000050     USS_support_lea.obj (.text:USS_copyArrayRight)
                  0001866e    00000050     hal_system.obj (.text:hal_system_ButtonsClearInt)
                  000186be    0000004e     USS_support_lea.obj (.text:USS_copyArrayLeft)
                  0001870c    0000004e     USS_lea.obj (.text:USS_lea_init)
                  0001875a    0000004e     QmathLib_CCS_MPY32_5xx_6xx_CPUX_large_code_large_data.lib : __QNrmpy.o (.text:_Q12rmpy)
                  000187a8    0000004e     ussSwLibCommonTimer.obj (.text:commonTimerConfigureTimer)
                  000187f6    0000004c     listener.obj (.text:Listener_lookupHandler)
                  00018842    0000004c     tlv.obj (.text:TLV_getInfo)
                  0001888e    0000004c     ussSwLibConfiguration.obj (.text:USS_updateUSSInterruptsConfiguration)
                  000188da    0000004c     rts430x_lc_ld_eabi.lib : fs_toul.asm.obj (.text)
                  00018926    0000004a     gpio.obj (.text:GPIO_setAsInputPinWithPullUpResistor)
                  00018970    0000004a     ussSwLibMeasurement.obj (.text:USS_configureUltrasonicMeasurement)
                  000189ba    0000004a     lcd_statemachine.obj (.text:lcd_statemachine_displayAvgDeltaTOF)
                  00018a04    0000004a     lcd_statemachine.obj (.text:lcd_statemachine_displayDeltaTOF)
                  00018a4e    0000004a     lcd_statemachine.obj (.text:lcd_statemachine_displayDeltaTOFStandardDeviation)
                  00018a98    0000004a     rts430x_lc_ld_eabi.lib : fs_cmp.asm.obj (.text)
                  00018ae2    0000004a                            : fs_ltof.asm.obj (.text)
                  00018b2c    00000048     IQmathLib_CCS_MPY32_5xx_6xx_CPUX_large_code_large_data.lib : __IQNmpy.o (.text:_IQ30mpy)
                  00018b74    00000048     ussSwLibCommonTimer.obj (.text:commonTimerWaitEvent)
                  00018bbc    00000046     USS_support_lea.obj (.text:USS_copy)
                  00018c02    00000046     rts430x_lc_ld_eabi.lib : fs_tou.asm.obj (.text)
                  00018c48    00000044     timeout.obj (.text:Timer_scheduleDelayedFunction)
                  00018c8c    00000042     ussDCCommandHandlers.obj (.text:CommandHandler_transmittAdvancedDebugData)
                  00018cce    00000040     ussDCCommandHandlers.obj (.text:CommandHandler_transmittDebugData)
                  00018d0e    00000040     gpio.obj (.text:GPIO_setAsInputPin)
                  00018d4e    00000040     rts430x_lc_ld_eabi.lib : asr64.c.obj (.text:__mspabi_srall)
                  00018d8e    00000040     ussSwLibCommonUSS.obj (.text:commonDetermineVariant)
                  00018dce    00000040     rts430x_lc_ld_eabi.lib : div32s.asm.obj (.text)
                  00018e0e    0000003e     byte_queue.obj (.text:ByteQueue_pull)
                  00018e4c    0000003e     ussSwLibCommonSDHS.obj (.text:commonSDHSConfigModOpt)
                  00018e8a    0000003e     rts430x_lc_ld_eabi.lib : asr32.asm.obj (.text:l_asr_const)
                  00018ec8    0000003e                            : lsl32.asm.obj (.text:l_lsl_const)
                  00018f06    0000003e                            : lsr32.asm.obj (.text:l_lsr_const)
                  00018f44    0000003c     adc12_b.obj (.text:ADC12_B_configureMemory)
                  00018f80    0000003c     ussSwLibCommonSDHS.obj (.text:commonSDHSRestoreSDHSDTCA)
                  00018fbc    0000003c     lcd_statemachine.obj (.text:lcd_statemachine_writeLCD)
                  00018ff8    0000003c     rts430x_lc_ld_eabi.lib : memcpy.c.obj (.text:memcpy)
                  00019034    0000003c     results.obj (.text:resultsCalcVolume)
                  00019070    0000003a     cs.obj (.text:CS_turnOnLFXT)
                  000190aa    0000003a     rts430x_lc_ld_eabi.lib : lsl64.c.obj (.text:__mspabi_sllll)
                  000190e4    0000003a                            : lsr64.c.obj (.text:__mspabi_srlll)
                  0001911e    00000038     ussDCCommandHandlers.obj (.text:CommandHandler_rxUpdate)
                  00019156    00000038     i2cslave.obj (.text:I2CSlave_setRequestFlag)
                  0001918e    00000038     USS_support_lea.obj (.text:USS_zeroInit)
                  000191c6    00000038     IQmathLib_CCS_MPY32_5xx_6xx_CPUX_large_code_large_data.lib : __IQNmpy.o (.text:_IQ16mpy)
                  000191fe    00000038     ussSwLibCommonTimer.obj (.text:commonTimerConfigureTick)
                  00019236    00000036     rts430x_lc_ld_eabi.lib : fs_itof.asm.obj (.text)
                  0001926c    00000034     comm.obj (.text:Comm_writePacket)
                  000192a0    00000034     gpio.obj (.text:GPIO_setAsOutputPin)
                  000192d4    00000034     ussSwLibAlgorithms.obj (.text:USS_getDNSPtr)
                  00019308    00000034     ussSwLibAlgorithms.obj (.text:USS_getUPSPtr)
                  0001933c    00000032     gpio.obj (.text:GPIO_getInterruptStatus)
                  0001936e    00000032     rts430x_lc_ld_eabi.lib : subd.c.obj (.text:__mspabi_subd)
                  000193a0    00000032     ussSwLibCommonInterrupts.obj (.text:commonDisableCaptureInterrupts)
                  000193d2    00000032     hal_system.obj (.text:hal_system_ButtonsClearAll)
                  00019404    00000032     rts430x_lc_ld_eabi.lib : fs_ultof.asm.obj (.text)
                  00019436    00000030     adc12_b.obj (.text:ADC12_B_startConversion)
                  00019466    00000030     hmi.obj (.text:HMI_Init)
                  00019496    00000030     lcd_c.obj (.text:LCD_C_init)
                  000194c6    00000030     ussSwLibCommonTimer.obj (.text:commonTimerConfigureDelay)
                  000194f6    00000030     lcd_c.obj (.text:setLCDFunction)
                  00019526    0000002e     comm.obj (.text:Comm_listenForCmd)
                  00019554    0000002e     gpio.obj (.text:GPIO_selectInterruptEdge)
                  00019582    0000002e     lcd_c.obj (.text:LCD_C_setVLCDSource)
                  000195b0    0000002e     rts430x_lc_ld_eabi.lib : negd.c.obj (.text:__mspabi_negd)
                  000195de    0000002e     ussSwLibCommonHSPLL.obj (.text:commonValidateHSPLLconfiguration)
                  0001960c    0000002e     hal_system.obj (.text:hal_system_LEDOff)
                  0001963a    0000002e     hal_system.obj (.text:hal_system_LEDOn)
                  00019668    0000002e     mathematics.obj (.text:mathematics_Reverse)
                  00019696    0000002c     packet.obj (.text:Packet_appendChecksum)
                  000196c2    0000002c     rts430x_lc_ld_eabi.lib : mult3264_f5hw.asm.obj (.text:__mpyull)
                  000196ee    0000002c     lcd_statemachine.obj (.text:lcd_statemachine_clearWriteData)
                  0001971a    0000002c     rts430x_lc_ld_eabi.lib : div16s.asm.obj (.text)
                  00019746    0000002a     ussDCCommandHandlers.obj (.text:CommandHandler_transmitUserErrorMsgPacket)
                  00019770    0000002a     eusci_b_i2c.obj (.text:EUSCI_B_I2C_initSlave)
                  0001979a    0000002a     hmi.obj (.text:HMI_PostMeasurement_Update)
                  000197c4    0000002a     i2cslave.obj (.text:I2CSlave_setTransmitBuffer)
                  000197ee    00000028     byte_queue.obj (.text:ByteQueue_isFull)
                  00019816    00000028     ussDCCommandHandlers.obj (.text:CommandHandler_updateCalibParams)
                  0001983e    00000028     timeout.obj (.text:Timer_cancelDelayedFunction)
                  00019866    00000028     ussSwLibCommonInterrupts.obj (.text:commonEnableCommonCaptureInterrupts)
                  0001988e    00000028     main.obj (.text:main)
                  000198b6    00000026     ussSwLibCommonTimer.obj (.text:commonTimerWaitTickEvent)
                  000198dc    00000024     adc12_b.obj (.text:ADC12_B_disableInterrupt)
                  00019900    00000024     adc12_b.obj (.text:ADC12_B_enableInterrupt)
                  00019924    00000024     byte_queue.obj (.text:ByteQueue_getLength)
                  00019948    00000024     byte_queue.obj (.text:ByteQueue_init)
                  0001996c    00000024     rts430x_lc_ld_eabi.lib : copy_zero_init.c.obj (.text:decompress:ZI:__TI_zero_init)
                  00019990    00000024     hal_lcd.obj (.text:hal_lcd_updatememory)
                  000199b4    00000024     rts430x_lc_ld_eabi.lib : fs_utof.asm.obj (.text)
                  000199d8    00000024                            : mult32_f5hw.asm.obj (.text)
                  000199fc    00000022     ussDCCommandHandlers.obj (.text:CommandHandler_calibUpdate)
                  00019a1e    00000022     ussDCCommandHandlers.obj (.text:CommandHandler_transmitUserMessagePacket)
                  00019a40    00000022     lcd_statemachine.obj (.text:lcd_statemachine_displayBatteryVoltage)
                  00019a62    00000020     adc12_b.obj (.text:ADC12_B_setupSamplingTimer)
                  00019a82    00000020     comm.obj (.text:Comm_i2cReceiveHandler)
                  00019aa2    00000020     eusci_a_uart.obj (.text:EUSCI_A_UART_receiveData)
                  00019ac2    00000020     ussDCCommandHandlers.obj (.text:Handler_max_vfr_id)
                  00019ae2    0000001e     gpio.obj (.text:GPIO_clearInterrupt)
                  00019b00    0000001e     timeout.obj (.text:Timer_startDelayedFunctionTimer)
                  00019b1e    0000001e     ussSwLibConfiguration.obj (.text:USS_updateUUPSConfiguration)
                  00019b3c    0000001e     ussSwLibCommonUSS.obj (.text:commonDetermineSiliconVersion)
                  00019b5a    0000001e     hal_lcd.obj (.text:hal_lcd_clearSymbol)
                  00019b78    0000001e     hal_lcd.obj (.text:hal_lcd_setSymbol)
                  00019b96    0000001e     hal_lcd.obj (.text:hal_lcd_turnoffLCD)
                  00019bb4    0000001c     ussDCCommandHandlers.obj (.text:CommandHandler_transmitErrorPacket)
                  00019bd0    0000001c     gpio.obj (.text:GPIO_setOutputHighOnPin)
                  00019bec    0000001c     gpio.obj (.text:GPIO_setOutputLowOnPin)
                  00019c08    0000001c     i2cslave.obj (.text:I2CSlave_transactionTimeoutHandler)
                  00019c24    0000001c     lcd_c.obj (.text:LCD_C_configChargePump)
                  00019c40    0000001c     rts430x_lc_ld_eabi.lib : mult1632_f5hw.asm.obj (.text:__mpysl)
                  00019c5c    0000001c                            : mult1632_f5hw.asm.obj (.text:__mpyul)
                  00019c78    0000001a     testing.obj (.text:Testing_Update_Results)
                  00019c92    00000018     comm.obj (.text:Comm_setup)
                  00019caa    00000018     ussDCCommandHandlers.obj (.text:Handler_abs_tof_additional_id)
                  00019cc2    00000018     ussDCCommandHandlers.obj (.text:Handler_adc_samp_freq_id)
                  00019cda    00000018     ussDCCommandHandlers.obj (.text:Handler_capture_duration_id)
                  00019cf2    00000018     ussDCCommandHandlers.obj (.text:Handler_delta_tof_offset_id)
                  00019d0a    00000018     ussDCCommandHandlers.obj (.text:Handler_gain_control_id)
                  00019d22    00000018     ussDCCommandHandlers.obj (.text:Handler_lea_enable)
                  00019d3a    00000018     ussDCCommandHandlers.obj (.text:Handler_meter_constant_id)
                  00019d52    00000018     ussDCCommandHandlers.obj (.text:Handler_over_sampling_rate)
                  00019d6a    00000018     ussDCCommandHandlers.obj (.text:Handler_param10_id)
                  00019d82    00000018     ussDCCommandHandlers.obj (.text:Handler_param1_id)
                  00019d9a    00000018     ussDCCommandHandlers.obj (.text:Handler_param2_id)
                  00019db2    00000018     ussDCCommandHandlers.obj (.text:Handler_param3_id)
                  00019dca    00000018     ussDCCommandHandlers.obj (.text:Handler_param5_id)
                  00019de2    00000018     ussDCCommandHandlers.obj (.text:Handler_param6_id)
                  00019dfa    00000018     ussDCCommandHandlers.obj (.text:Handler_pattern_opt)
                  00019e12    00000018     ussDCCommandHandlers.obj (.text:Handler_sig_samp_freq_id)
                  00019e2a    00000018     ussDCCommandHandlers.obj (.text:Handler_xt2_freq_id)
                  00019e42    00000018     i2cslave.obj (.text:I2CSlave_requestTimeoutHandler)
                  00019e5a    00000018     rts430x_lc_ld_eabi.lib : mult16_f5hw.asm.obj (.text)
                  00019e72    00000016     adc12_b.obj (.text:ADC12_B_disable)
                  00019e88    00000016     ussDCCommandHandlers.obj (.text:Handler_gap_pls_adc_start_id)
                  00019e9e    00000016     ussDCCommandHandlers.obj (.text:Handler_gap_ups_dns_id)
                  00019eb4    00000016     ussDCCommandHandlers.obj (.text:Handler_gap_ups_ups_id)
                  00019eca    00000016     ussDCCommandHandlers.obj (.text:Handler_num_pls_id)
                  00019ee0    00000016     ussDCCommandHandlers.obj (.text:Handler_param4_id)
                  00019ef6    00000016     ussDCCommandHandlers.obj (.text:Handler_param7_id)
                  00019f0c    00000016     ussDCCommandHandlers.obj (.text:Handler_param8_id)
                  00019f22    00000016     ussDCCommandHandlers.obj (.text:Handler_param9_id)
                  00019f38    00000016     ussDCCommandHandlers.obj (.text:Handler_plot_abs_dns_id)
                  00019f4e    00000016     ussDCCommandHandlers.obj (.text:Handler_plot_abs_ups_id)
                  00019f64    00000016     ussDCCommandHandlers.obj (.text:Handler_plot_dtof_id)
                  00019f7a    00000016     ussDCCommandHandlers.obj (.text:Handler_plot_vol_id)
                  00019f90    00000016     ussDCCommandHandlers.obj (.text:Handler_req_app_req_captures)
                  00019fa6    00000016     ussDCCommandHandlers.obj (.text:Handler_req_app_req_data)
                  00019fbc    00000016     ussDCCommandHandlers.obj (.text:Handler_req_app_req_update)
                  00019fd2    00000016     rts430x_lc_ld_eabi.lib : copy_decompress_none.c.obj (.text:decompress:none:__TI_decompress_none)
                  00019fe8    00000016                            : div16u.asm.obj (.text)
                  00019ffe    00000014     adc12_b.obj (.text:ADC12_B_clearInterrupt)
                  0001a012    00000012     cs.obj (.text:CS_setExternalClockSource)
                  0001a024    00000012     checksum.obj (.text:Checksum_computeChecksum)
                  0001a036    00000012     checksum.obj (.text:Checksum_verifyChecksum)
                  0001a048    00000012     comm.obj (.text:Comm_addCmdListener)
                  0001a05a    00000012     ussDCCommandHandlers.obj (.text:CommandHandler_setApplicationVersion)
                  0001a06c    00000012     ussSwLibVFRCalib.obj (.text:USS_calibrateVolumeFlowRate)
                  0001a07e    00000012     ussSwLibMeasurement.obj (.text:USS_waitForAppTimerElapse)
                  0001a090    00000012     wdt_a.obj (.text:WDT_A_resetTimer)
                  0001a0a2    00000012     wdt_a.obj (.text:WDT_A_start)
                  0001a0b4    00000012     hal_system.obj (.text:hal_system_GetResetSource)
                  0001a0c6    00000012     rts430x_lc_ld_eabi.lib : strlen.c.obj (.text:strlen)
                  0001a0d8    00000010     lcd_c.obj (.text:LCD_C_setVLCDVoltage)
                  0001a0e8    00000010     ref_a.obj (.text:Ref_A_isVariableReferenceVoltageOutputReady)
                  0001a0f8    00000010     wdt_a.obj (.text:WDT_A_initWatchdogTimer)
                  0001a108    00000010     rts430x_lc_ld_eabi.lib : asr32.asm.obj (.text:l_asr)
                  0001a118    00000010                            : lsl32.asm.obj (.text:l_lsl)
                  0001a128    00000010                            : lsr32.asm.obj (.text:l_lsr)
                  0001a138    0000000e     adc12_b.obj (.text:ADC12_B_enable)
                  0001a146    0000000e     adc12_b.obj (.text:ADC12_B_getResults)
                  0001a154    0000000e     ref_a.obj (.text:Ref_A_setReferenceVoltage)
                  0001a162    0000000e     ussSwLibMeasurement.obj (.text:USS_configAppTimerPeriod)
                  0001a170    0000000e     rts430x_lc_ld_eabi.lib : labs.c.obj (.text:labs)
                  0001a17e    0000000c     eusci_b_i2c.obj (.text:EUSCI_B_I2C_clearInterrupt)
                  0001a18a    0000000c     eusci_b_i2c.obj (.text:EUSCI_B_I2C_enableInterrupt)
                  0001a196    0000000c     eusci_b_i2c.obj (.text:EUSCI_B_I2C_slavePutData)
                  0001a1a2    0000000c     lcd_c.obj (.text:LCD_C_clearMemory)
                  0001a1ae    0000000c     ussSwLibCommonInterrupts.obj (.text:commonEnableCaptureInterrupts)
                  0001a1ba    0000000c     lcd_statemachine.obj (.text:lcd_statemachine_isSleep)
                  0001a1c6    0000000a     eusci_b_i2c.obj (.text:EUSCI_B_I2C_getInterruptStatus)
                  0001a1d0    0000000a     eusci_b_i2c.obj (.text:EUSCI_B_I2C_slaveGetData)
                  0001a1da    0000000a     lcd_c.obj (.text:LCD_C_disableChargePump)
                  0001a1e4    0000000a     ref_a.obj (.text:Ref_A_isRefGenBusy)
                  0001a1ee    0000000a     system_pre_init.obj (.text:_system_pre_init)
                  0001a1f8    0000000a     rts430x_lc_ld_eabi.lib : abs.c.obj (.text:abs)
                  0001a202    0000000a                            : fs_neg.asm.obj (.text)
                  0001a20c    0000000a                            : lsl16.asm.obj (.text)
                  0001a216    0000000a                            : lsr16.asm.obj (.text)
                  0001a220    00000008     eusci_b_i2c.obj (.text:EUSCI_B_I2C_getMode)
                  0001a228    00000008     timeout.obj (.text:Timer_stopDelayedFunctionTimer)
                  0001a230    00000008     hal_lcd.obj (.text:hal_lcd_clearLCD)
                  0001a238    00000008     hal_lcd.obj (.text:hal_lcd_turnonLCD)
                  0001a240    00000008     hal_system.obj (.text:hal_system_WatchdogFeed)
                  0001a248    00000006     ussDCCommandHandlers.obj (.text:CommandHandler_getUserParamsPtr)
                  0001a24e    00000006     ussDCCommandHandlers.obj (.text:CommandHandler_setAdvMtrCalibTableStatus)
                  0001a254    00000006     eusci_b_i2c.obj (.text:EUSCI_B_I2C_disable)
                  0001a25a    00000006     eusci_b_i2c.obj (.text:EUSCI_B_I2C_enable)
                  0001a260    00000006     hmi.obj (.text:HMI_GetStatus)
                  0001a266    00000006     hmi.obj (.text:HMI_isLPMEnabled)
                  0001a26c    00000006     lcd_c.obj (.text:LCD_C_off)
                  0001a272    00000006     lcd_c.obj (.text:LCD_C_on)
                  0001a278    00000006     pmm.obj (.text:PMM_unlockLPM5)
                  0001a27e    00000006     ref_a.obj (.text:Ref_A_disableReferenceVoltage)
                  0001a284    00000006     ref_a.obj (.text:Ref_A_enableReferenceVoltage)
                  0001a28a    00000006     rts430x_lc_ld_eabi.lib : fltud.c.obj (.text:__mspabi_fltud)
                  0001a290    00000006                            : exit.c.obj (.text:abort)
                  0001a296    00000004     testing.obj (.text:Testing_GUIUpdate_PostUSSConfig)
                  0001a29a    00000004     testing.obj (.text:Testing_GUIUpdate_PreUSSConfig)
                  0001a29e    00000002     testing.obj (.text:Testing_PostAlgorithm_Update)
                  0001a2a0    00000002     testing.obj (.text:Testing_PreMeasurement_Update)
                  0001a2a2    00000002     rts430x_lc_ld_eabi.lib : startup.c.obj (.text:_system_post_cinit)

MODULE SUMMARY

       Module                                code    ro data   rw data
       ------                                ----    -------   -------
    .\
       main.obj                              40      8         0      
       system_pre_init.obj                   10      0         0      
    +--+-------------------------------------+-------+---------+---------+
       Total:                                50      8         0      
                                                                      
    .\USSLibGUIApp\fr6047_USS_app\
       USSLibGUIApp.obj                      378     0         26     
    +--+-------------------------------------+-------+---------+---------+
       Total:                                378     0         26     
                                                                      
    .\USSLibGUIApp\fr6047_USS_app\hmiDC\
       hmi.obj                               2714    0         157    
    +--+-------------------------------------+-------+---------+---------+
       Total:                                2714    0         157    
                                                                      
    .\USSLibGUIApp\fr6047_USS_app\lcd_statemachineDC\
       lcd_statemachine.obj                  1350    182       38     
    +--+-------------------------------------+-------+---------+---------+
       Total:                                1350    182       38     
                                                                      
    .\USSLibGUIApp\fr6047_USS_app\mathematicsDC\
       mathematics.obj                       1400    0         16     
    +--+-------------------------------------+-------+---------+---------+
       Total:                                1400    0         16     
                                                                      
    .\USSLibGUIApp\fr6047_USS_app\resultsDC\
       results.obj                           392     0         836    
    +--+-------------------------------------+-------+---------+---------+
       Total:                                392     0         836    
                                                                      
    .\USSLibGUIApp\fr6047_USS_app\testingDC\
       testing.obj                           166     0         2      
    +--+-------------------------------------+-------+---------+---------+
       Total:                                166     0         2      
                                                                      
    .\USS_Config\
       USS_userConfig.obj                    0       1024      5550   
       USS_App_userConfig.obj                0       0         2      
    +--+-------------------------------------+-------+---------+---------+
       Total:                                0       1024      5552   
                                                                      
    .\common\DesignCenter\comm\
       comm_config.obj                       0       0         1114   
       comm.obj                              172     16        703    
    +--+-------------------------------------+-------+---------+---------+
       Total:                                172     16        1817   
                                                                      
    .\common\DesignCenter\comm\drivers\
       i2cslave.obj                          648     20        14     
       timeout.obj                           214     4         4      
    +--+-------------------------------------+-------+---------+---------+
       Total:                                862     24        18     
                                                                      
    .\common\DesignCenter\comm\protocol\
       packet.obj                            304     0         2      
       listener.obj                          170     0         0      
       checksum.obj                          36      0         0      
    +--+-------------------------------------+-------+---------+---------+
       Total:                                510     0         2      
                                                                      
    .\common\DesignCenter\comm\utils\
       byte_queue.obj                        262     0         0      
    +--+-------------------------------------+-------+---------+---------+
       Total:                                262     0         0      
                                                                      
    .\common\DesignCenter\ussDC\
       ussDCCommandHandlers.obj              3832    27        118    
    +--+-------------------------------------+-------+---------+---------+
       Total:                                3832    27        118    
                                                                      
    .\driverlib\MSP430FR5xx_6xx\
       gpio.obj                              476     28        0      
       lcd_c.obj                             436     0         0      
       adc12_b.obj                           418     0         0      
       cs.obj                                402     0         8      
       eusci_b_i2c.obj                       118     0         0      
       tlv.obj                               76      0         0      
       ref_a.obj                             52      0         0      
       wdt_a.obj                             52      0         0      
       eusci_a_uart.obj                      32      0         0      
       pmm.obj                               6       0         0      
    +--+-------------------------------------+-------+---------+---------+
       Total:                                2068    28        8      
                                                                      
    .\hal\fr6047EVM\
       hal_lcd.obj                           836     116       30     
       hal_system.obj                        826     0         0      
       hal_adc.obj                           614     12        18     
       hal_uart.obj                          30      2         1      
    +--+-------------------------------------+-------+---------+---------+
       Total:                                2306    130       49     
                                                                      
    .\ussSWLib\source\private\
       ussSwLibAlgorithms.obj                2784    0         324    
       ussSwLibCommonAlgorithms.obj          400     8         0      
    +--+-------------------------------------+-------+---------+---------+
       Total:                                3184    8         324    
                                                                      
    .\ussSWLib\source\private\algorithms\
       USS_computeDeltaTOF_estimate.obj      2268    126       0      
       USS_init.obj                          1222    0         0      
       USS_math.obj                          1080    0         8      
       USS_support_lea.obj                   1084    0         0      
       USS_computeAbsTOF_lobe.obj            1048    0         0      
       USS_cosInterpolation.obj              344     0         0      
       USS_updateADCParams.obj               316     0         0      
       USS_run.obj                           178     0         0      
       USS_filter.obj                        174     0         0      
       USS_computeVolumeFlowRate_water.obj   138     0         0      
       USS_lea.obj                           78      0         26     
    +--+-------------------------------------+-------+---------+---------+
       Total:                                7930    126       34     
                                                                      
    .\ussSWLib\source\public\
       ussSwLibConfiguration.obj             980     0         0      
       ussSwLibMeasurement.obj               400     0         0      
       ussSwLibVFRCalibFlow.obj              254     0         0      
       ussSwLibVFRCalib.obj                  18      0         0      
       ussSwLibISR.obj                       0       0         4      
    +--+-------------------------------------+-------+---------+---------+
       Total:                                1652    0         4      
                                                                      
    .\ussSWLib\source\public\USS_HAL\
       USS_Lib_HAL.obj                       500     16        58     
    +--+-------------------------------------+-------+---------+---------+
       Total:                                500     16        58     
                                                                      
    .\ussSWLib\source\public\common\
       ussSwLibCommonSAPH.obj                986     0         0      
       ussSwLibCommonUSS.obj                 520     0         0      
       ussSwLibCommonTimer.obj               420     0         0      
       ussSwLibCommonHSPLL.obj               248     0         0      
       ussSwLibCommonSDHS.obj                244     0         0      
       ussSwLibCommonInterrupts.obj          102     0         0      
    +--+-------------------------------------+-------+---------+---------+
       Total:                                2520    0         0      
                                                                      
    C:\Users\mm242\Documents\ccs-workspace\UltrasonicWaterFR604x_02_40_00_00\lib\IQMathLibrary\libraries\CCS\MPY32\5xx_6xx\IQmathLib_CCS_MPY32_5xx_6xx_CPUX_large_code_large_data.lib
       _IQNdiv.o                             468     0         0      
       _IQNtoF.o                             456     0         0      
       __IQNrsmpy.o                          378     0         0      
       __IQNmpy.o                            304     0         0      
       __IQNrmpy.o                           86      0         0      
       _IQNtables.o                          0       65        0      
    +--+-------------------------------------+-------+---------+---------+
       Total:                                1692    65        0      
                                                                      
    C:\Users\mm242\Documents\ccs-workspace\UltrasonicWaterFR604x_02_40_00_00\lib\IQMathLibrary\libraries\CCS\MPY32\5xx_6xx\QmathLib_CCS_MPY32_5xx_6xx_CPUX_large_code_large_data.lib
       _QNtables.o                           0       256       0      
       _QNdiv.o                              190     0         0      
       __QNrmpy.o                            78      0         0      
    +--+-------------------------------------+-------+---------+---------+
       Total:                                268     256       0      
                                                                      
    C:\ti\ccs1110\ccs\tools\compiler\ti-cgt-msp430_21.6.0.LTS\lib\rts430x_lc_ld_eabi.lib
       addd.c.obj                            1834    0         0      
       frcdivd.c.obj                         1126    0         0      
       div64u.c.obj                          846     0         0      
       e_sqrt.c.obj                          734     0         0      
       mpyd.c.obj                            664     0         0      
       divd.c.obj                            546     0         0      
       s_floor.c.obj                         452     0         0      
       frcmpyd.c.obj                         356     0         0      
       fs_add.asm.obj                        306     0         0      
       s_round.c.obj                         262     0         0      
       cmpd.c.obj                            216     0         0      
       fs_mpy.asm.obj                        184     0         0      
       cvtdf.c.obj                           178     0         0      
       fltlid.c.obj                          158     0         0      
       fs_div.asm.obj                        144     0         0      
       fltuld.c.obj                          128     0         0      
       fs_tol.asm.obj                        126     0         0      
       autoinit.c.obj                        120     0         0      
       copy_decompress_lzss.c.obj            118     0         0      
       fixdul.c.obj                          104     0         0      
       fs_toi.asm.obj                        104     0         0      
       cvtfd.c.obj                           100     0         0      
       mult64_f5hw.asm.obj                   92      0         0      
       div32u.asm.obj                        88      0         0      
       rem64u.c.obj                          84      0         0      
       asr32.asm.obj                         78      0         0      
       lsl32.asm.obj                         78      0         0      
       lsr32.asm.obj                         78      0         0      
       fs_toul.asm.obj                       76      0         0      
       fs_cmp.asm.obj                        74      0         0      
       fs_ltof.asm.obj                       74      0         0      
       fs_tou.asm.obj                        70      0         0      
       asr64.c.obj                           64      0         0      
       div32s.asm.obj                        64      0         0      
       memcpy.c.obj                          60      0         0      
       lsl64.c.obj                           58      0         0      
       lsr64.c.obj                           58      0         0      
       mult1632_f5hw.asm.obj                 56      0         0      
       fs_itof.asm.obj                       54      0         0      
       fs_ultof.asm.obj                      50      0         0      
       subd.c.obj                            50      0         0      
       negd.c.obj                            46      0         0      
       div16s.asm.obj                        44      0         0      
       mult3264_f5hw.asm.obj                 44      0         0      
       copy_zero_init.c.obj                  36      0         0      
       fs_utof.asm.obj                       36      0         0      
       mult32_f5hw.asm.obj                   36      0         0      
       boot.c.obj                            28      2         0      
       mult16_f5hw.asm.obj                   24      0         0      
       copy_decompress_none.c.obj            22      0         0      
       div16u.asm.obj                        22      0         0      
       strlen.c.obj                          18      0         0      
       labs.c.obj                            14      0         0      
       abs.c.obj                             10      0         0      
       fs_neg.asm.obj                        10      0         0      
       lsl16.asm.obj                         10      0         0      
       lsr16.asm.obj                         10      0         0      
       isr_trap.asm.obj                      8       0         0      
       exit.c.obj                            6       0         0      
       fltud.c.obj                           6       0         0      
       errno.c.obj                           0       0         2      
       int19.asm.obj                         0       2         0      
       int20.asm.obj                         0       2         0      
       int21.asm.obj                         0       2         0      
       int22.asm.obj                         0       2         0      
       int23.asm.obj                         0       2         0      
       int24.asm.obj                         0       2         0      
       int25.asm.obj                         0       2         0      
       int26.asm.obj                         0       2         0      
       int27.asm.obj                         0       2         0      
       int28.asm.obj                         0       2         0      
       int29.asm.obj                         0       2         0      
       int30.asm.obj                         0       2         0      
       int31.asm.obj                         0       2         0      
       int32.asm.obj                         0       2         0      
       int33.asm.obj                         0       2         0      
       int34.asm.obj                         0       2         0      
       int35.asm.obj                         0       2         0      
       int36.asm.obj                         0       2         0      
       int39.asm.obj                         0       2         0      
       int44.asm.obj                         0       2         0      
       int45.asm.obj                         0       2         0      
       int48.asm.obj                         0       2         0      
       int49.asm.obj                         0       2         0      
       int50.asm.obj                         0       2         0      
       int51.asm.obj                         0       2         0      
       int52.asm.obj                         0       2         0      
       int53.asm.obj                         0       2         0      
       int54.asm.obj                         0       2         0      
       startup.c.obj                         2       0         0      
    +--+-------------------------------------+-------+---------+---------+
       Total:                                10544   58        2      
                                                                      
       Stack:                                0       0         1024   
       Linker Generated:                     0       67        0      
    +--+-------------------------------------+-------+---------+---------+
       Grand Total:                          44752   2035      10085  


LINKER GENERATED COPY TABLES

__TI_cinit_table @ 000067a6 records: 3, size/record: 8, table size: 24
	.data: load addr=0000677a, load size=00000013 bytes, run addr=0000233e, run size=0000018f bytes, compression=lzss
	.bss: load addr=0000679a, load size=00000006 bytes, run addr=00001c00, run size=0000073e bytes, compression=zero_init
	.leaRAM: load addr=000067a0, load size=00000006 bytes, run addr=00002c00, run size=00000a38 bytes, compression=zero_init


LINKER GENERATED HANDLER TABLE

__TI_handler_table @ 0000678e records: 3, size/record: 4, table size: 12
	index: 0, handler: __TI_zero_init
	index: 1, handler: __TI_decompress_lzss
	index: 2, handler: __TI_decompress_none


GLOBAL SYMBOLS: SORTED ALPHABETICALLY BY Name 

address   name                                             
-------   ----                                             
00000800  ADC12CTL0                                        
00000801  ADC12CTL0_H                                      
00000800  ADC12CTL0_L                                      
00000802  ADC12CTL1                                        
00000803  ADC12CTL1_H                                      
00000802  ADC12CTL1_L                                      
00000804  ADC12CTL2                                        
00000805  ADC12CTL2_H                                      
00000804  ADC12CTL2_L                                      
00000806  ADC12CTL3                                        
00000807  ADC12CTL3_H                                      
00000806  ADC12CTL3_L                                      
0000080a  ADC12HI                                          
0000080b  ADC12HI_H                                        
0000080a  ADC12HI_L                                        
00000812  ADC12IER0                                        
00000813  ADC12IER0_H                                      
00000812  ADC12IER0_L                                      
00000814  ADC12IER1                                        
00000815  ADC12IER1_H                                      
00000814  ADC12IER1_L                                      
00000816  ADC12IER2                                        
00000817  ADC12IER2_H                                      
00000816  ADC12IER2_L                                      
0000080c  ADC12IFGR0                                       
0000080d  ADC12IFGR0_H                                     
0000080c  ADC12IFGR0_L                                     
0000080e  ADC12IFGR1                                       
0000080f  ADC12IFGR1_H                                     
0000080e  ADC12IFGR1_L                                     
00000810  ADC12IFGR2                                       
00000811  ADC12IFGR2_H                                     
00000810  ADC12IFGR2_L                                     
00000818  ADC12IV                                          
00000819  ADC12IV_H                                        
00000818  ADC12IV_L                                        
00000808  ADC12LO                                          
00000809  ADC12LO_H                                        
00000808  ADC12LO_L                                        
00000820  ADC12MCTL0                                       
00000821  ADC12MCTL0_H                                     
00000820  ADC12MCTL0_L                                     
00000822  ADC12MCTL1                                       
00000834  ADC12MCTL10                                      
00000835  ADC12MCTL10_H                                    
00000834  ADC12MCTL10_L                                    
00000836  ADC12MCTL11                                      
00000837  ADC12MCTL11_H                                    
00000836  ADC12MCTL11_L                                    
00000838  ADC12MCTL12                                      
00000839  ADC12MCTL12_H                                    
00000838  ADC12MCTL12_L                                    
0000083a  ADC12MCTL13                                      
0000083b  ADC12MCTL13_H                                    
0000083a  ADC12MCTL13_L                                    
0000083c  ADC12MCTL14                                      
0000083d  ADC12MCTL14_H                                    
0000083c  ADC12MCTL14_L                                    
0000083e  ADC12MCTL15                                      
0000083f  ADC12MCTL15_H                                    
0000083e  ADC12MCTL15_L                                    
00000840  ADC12MCTL16                                      
00000841  ADC12MCTL16_H                                    
00000840  ADC12MCTL16_L                                    
00000842  ADC12MCTL17                                      
00000843  ADC12MCTL17_H                                    
00000842  ADC12MCTL17_L                                    
00000844  ADC12MCTL18                                      
00000845  ADC12MCTL18_H                                    
00000844  ADC12MCTL18_L                                    
00000846  ADC12MCTL19                                      
00000847  ADC12MCTL19_H                                    
00000846  ADC12MCTL19_L                                    
00000823  ADC12MCTL1_H                                     
00000822  ADC12MCTL1_L                                     
00000824  ADC12MCTL2                                       
00000848  ADC12MCTL20                                      
00000849  ADC12MCTL20_H                                    
00000848  ADC12MCTL20_L                                    
0000084a  ADC12MCTL21                                      
0000084b  ADC12MCTL21_H                                    
0000084a  ADC12MCTL21_L                                    
0000084c  ADC12MCTL22                                      
0000084d  ADC12MCTL22_H                                    
0000084c  ADC12MCTL22_L                                    
0000084e  ADC12MCTL23                                      
0000084f  ADC12MCTL23_H                                    
0000084e  ADC12MCTL23_L                                    
00000850  ADC12MCTL24                                      
00000851  ADC12MCTL24_H                                    
00000850  ADC12MCTL24_L                                    
00000852  ADC12MCTL25                                      
00000853  ADC12MCTL25_H                                    
00000852  ADC12MCTL25_L                                    
00000854  ADC12MCTL26                                      
00000855  ADC12MCTL26_H                                    
00000854  ADC12MCTL26_L                                    
00000856  ADC12MCTL27                                      
[...]
000139e0  floor                                            
000139e0  floorl                                           
00013ba4  USS_generateMonoDualToneBinaryPattern            
0001408a  hal_system_Init                                  
00014210  USS_updateClockRelativeError                     
00014378  __TI_frcmpyd                                     
000144dc  commonConfigurePPGDutyCyle                       
0001463e  CommandHandler_transmitCapturePackages           
0001478c  USS_updateADCParams                              
000148c8  HMI_PostAlgorithm_Update                         
00014b30  __mspabi_subf                                    
00014b36  __mspabi_addf                                    
00014c62  hal_adc_init                                     
00014d92  CommandHandler_transmitResults                   
00014eb0  USS_updateHSPLLConfiguration                     
000150d0  round                                            
000150d0  roundl                                           
000151d6  Packet_extractFromStream                         
000153d2  hal_adc_voltagesupply_readmV                     
000154c4  CS_setDCOFreq                                    
000155b4  hal_lcd_displayScrollText                        
000156a2  results_Update                                   
00015784  lcd_statemachine_displayScrollStatistics         
00015860  __mspabi_cmpd                                    
00015adc  commonGetHSPLLFreqInHz                           
00015ba6  commonGetPLLFreqInHz                             
00015c70  _Q15div                                          
00015d2e  lcd_statemachine_stateAction                     
00015dea  USS_commonTriggerSingleCapture                   
00015ea4  USS_getResultsInFloat                            
00015f5e  commonIsconversionSuccessfull                    
00016018  hal_lcd_showCharwPoint                           
000160d0  mathematics_CalcStDevflt                         
00016188  __mspabi_mpyf                                    
00016240  USS_run                                          
000162f2  __mspabi_cvtdf                                   
000163a4  privateGeneratePattern                           
00016456  USS_filter                                       
00016504  HMI_reportError_sendErrorMessage                 
00016504  USSLibGUIApp_send_error                          
000165a8  __mspabi_fltlid                                  
00016646  CommandHandler_updateParams                      
000166dc  commonUpdateUSSULPbiasDelay                      
00016772  lcd_statemachine_stateUpdate                     
00016808  privatePadCaptures                               
0001689e  hal_lcd_Init                                     
0001692e  __mspabi_divf                                    
000169be  USS_calibrateVFRFlow                             
00016a48  USS_computeVolumeFlowRate_water                  
00016ad2  ADC12_B_init                                     
00016b5a  USSLibGUIApp_Init                                
00016be2  LCD_C_setPinAsLCDFunctionEx                      
00016c68  USSLibGUIApp_Engine                              
00016d70  USS_updateSDHSConfiguration                      
00016df2  Testing_PostMeasurement_Update                   
00016e72  _IQ15rsmpy                                       
00016ef2  __mspabi_fltuld                                  
00016f72  commonTimerGenerateLowPowerDelay                 
00016ff2  hal_lcd_showBattery                              
00017072  CommandHandler_transmitCaptures                  
000170f0  HMI_PreMeasurement_Update                        
0001716e  _IQ19rsmpy                                       
000171ec  __mspabi_fixfli                                  
0001726a  _IQ30rsmpy                                       
000172e6  commonValidateSDHSconfigruation                  
00017360  __TI_auto_init_nobinit_nopinit_hold_wdt          
000173d8  lcd_satemachine_srollState                       
00017450  mathematics_CalcPercentage                       
000174c8  __TI_decompress_lzss                             
0001753e  USS_findMeterConstantRange                       
000175b2  USS_runAlgorithmsFixedPoint                      
00017626  mathematics_CalcAverageflt                       
0001769a  _IQ16toF                                         
0001770c  _IQ21toF                                         
0001777e  _IQ27toF                                         
000177f0  _IQ30toF                                         
000178d0  USSLibGUIApp_ReInitialize                        
0001793c  USS_startLowPowerUltrasonicCapture               
000179a8  results_Reset                                    
00017a12  GPIO_setAsPeripheralModuleFunctionInputPin       
00017a7a  __mspabi_fixdul                                  
00017ae2  __mspabi_fixfi                                   
00017bb2  commonValidateAlgorithmsConfiguration            
00017c18  __mspabi_cvtfd                                   
00017c7c  lcd_statemachine_displayAvgFlowRate              
00017ce0  lcd_statemachine_displayFlowRate                 
00017d44  lcd_statemachine_displayVolume                   
00017da8  mathematics_IntToStr                             
00017e0c  I2CSlave_openPort                                
00017e6e  commonValidateMeterConstantConfiguration         
00017f2c  Listener_registerListener                        
00017f8a  USS_addOffset                                    
00018046  USS_scaleSamples                                 
000180a4  hal_system_ButtonsCheck                          
00018102  hal_system_ButtonsInit                           
00018160  _IQ21mpy                                         
000181bc  __mspabi_mpyll_f5hw                              
00018272  commonWaitForconversion                          
000182cc  ByteQueue_push                                   
00018324  __mspabi_divul                                   
00018324  __mspabi_remul                                   
0001837c  CS_initClockSignal                               
000183d2  _IQ12rmpy                                        
0001847e  USS_addSamples                                   
000184d2  _IQ20mpy                                         
00018526  __mspabi_remull                                  
0001857a  LCD_C_setMemory                                  
000185cc  USS_fir                                          
0001861e  USS_copyArrayRight                               
0001866e  hal_system_ButtonsClearInt                       
000186be  USS_copyArrayLeft                                
0001870c  USS_lea_init                                     
0001875a  _Q12rmpy                                         
000187a8  commonTimerConfigureTimer                        
000187f6  Listener_lookupHandler                           
00018842  TLV_getInfo                                      
0001888e  USS_updateUSSInterruptsConfiguration             
000188da  __mspabi_fixful                                  
00018926  GPIO_setAsInputPinWithPullUpResistor             
00018970  USS_configureUltrasonicMeasurement               
000189ba  lcd_statemachine_displayAvgDeltaTOF              
00018a04  lcd_statemachine_displayDeltaTOF                 
00018a4e  lcd_statemachine_displayDeltaTOFStandardDeviation
00018a98  __mspabi_cmpf                                    
00018ae2  __mspabi_fltlif                                  
00018b2c  _IQ30mpy                                         
00018bbc  USS_copy                                         
00018c02  __mspabi_fixfu                                   
00018c48  Timer_scheduleDelayedFunction                    
00018c8c  CommandHandler_transmittAdvancedDebugData        
00018cce  CommandHandler_transmittDebugData                
00018d0e  GPIO_setAsInputPin                               
00018d4e  __mspabi_srall                                   
00018d8e  commonDetermineVariant                           
00018dce  __mspabi_divli                                   
00018dce  __mspabi_remli                                   
00018e0e  ByteQueue_pull                                   
00018e4c  commonSDHSConfigModOpt                           
00018e8a  __mspabi_sral_15                                 
00018e8e  __mspabi_sral_14                                 
00018e92  __mspabi_sral_13                                 
00018e96  __mspabi_sral_12                                 
00018e9a  __mspabi_sral_11                                 
00018e9e  __mspabi_sral_10                                 
00018ea2  __mspabi_sral_9                                  
00018ea6  __mspabi_sral_8                                  
00018eaa  __mspabi_sral_7                                  
00018eae  __mspabi_sral_6                                  
00018eb2  __mspabi_sral_5                                  
00018eb6  __mspabi_sral_4                                  
00018eba  __mspabi_sral_3                                  
00018ebe  __mspabi_sral_2                                  
00018ec2  __mspabi_sral_1                                  
00018ec8  __mspabi_slll_15                                 
00018ecc  __mspabi_slll_14                                 
00018ed0  __mspabi_slll_13                                 
00018ed4  __mspabi_slll_12                                 
00018ed8  __mspabi_slll_11                                 
00018edc  __mspabi_slll_10                                 
00018ee0  __mspabi_slll_9                                  
00018ee4  __mspabi_slll_8                                  
00018ee8  __mspabi_slll_7                                  
00018eec  __mspabi_slll_6                                  
00018ef0  __mspabi_slll_5                                  
00018ef4  __mspabi_slll_4                                  
00018ef8  __mspabi_slll_3                                  
00018efc  __mspabi_slll_2                                  
00018f00  __mspabi_slll_1                                  
00018f06  __mspabi_srll_15                                 
00018f0a  __mspabi_srll_14                                 
00018f0e  __mspabi_srll_13                                 
00018f12  __mspabi_srll_12                                 
00018f16  __mspabi_srll_11                                 
00018f1a  __mspabi_srll_10                                 
00018f1e  __mspabi_srll_9                                  
00018f22  __mspabi_srll_8                                  
00018f26  __mspabi_srll_7                                  
00018f2a  __mspabi_srll_6                                  
00018f2e  __mspabi_srll_5                                  
00018f32  __mspabi_srll_4                                  
00018f36  __mspabi_srll_3                                  
00018f3a  __mspabi_srll_2                                  
00018f3e  __mspabi_srll_1                                  
00018f44  ADC12_B_configureMemory                          
00018f80  commonSDHSRestoreSDHSDTCA                        
00018fbc  lcd_statemachine_writeLCD                        
00018ff8  memcpy                                           
00019034  resultsCalcVolume                                
00019070  CS_turnOnLFXT                                    
000190aa  __mspabi_sllll                                   
000190e4  __mspabi_srlll                                   
0001911e  CommandHandler_rxUpdate                          
00019156  I2CSlave_setRequestFlag                          
0001918e  USS_zeroInit                                     
000191c6  _IQ16mpy                                         
000191fe  commonTimerConfigureTick                         
00019236  __mspabi_fltif                                   
0001926c  Comm_writePacket                                 
000192a0  GPIO_setAsOutputPin                              
000192d4  USS_getDNSPtr                                    
00019308  USS_getUPSPtr                                    
0001933c  GPIO_getInterruptStatus                          
0001936e  __mspabi_subd                                    
000193a0  commonDisableCaptureInterrupts                   
000193d2  hal_system_ButtonsClearAll                       
00019404  __mspabi_fltulf                                  
00019436  ADC12_B_startConversion                          
00019466  HMI_Init                                         
00019496  LCD_C_init                                       
000194c6  commonTimerConfigureDelay                        
00019526  Comm_listenForCmd                                
00019554  GPIO_selectInterruptEdge                         
00019582  LCD_C_setVLCDSource                              
000195b0  __mspabi_negd                                    
000195de  commonValidateHSPLLconfiguration                 
0001960c  hal_system_LEDOff                                
0001963a  hal_system_LEDOn                                 
00019668  mathematics_Reverse                              
00019696  Packet_appendChecksum                            
000196c2  __mspabi_mpyull_f5hw                             
000196ee  lcd_statemachine_clearWriteData                  
0001971a  __mspabi_divi                                    
0001971a  __mspabi_remi                                    
00019746  CommandHandler_transmitUserErrorMsgPacket        
00019770  EUSCI_B_I2C_initSlave                            
0001979a  HMI_PostMeasurement_Update                       
000197c4  I2CSlave_setTransmitBuffer                       
000197ee  ByteQueue_isFull                                 
00019816  CommandHandler_updateCalibParams                 
0001983e  Timer_cancelDelayedFunction                      
0001988e  main                                             
000198b6  commonTimerWaitTickEvent                         
000198dc  ADC12_B_disableInterrupt                         
00019900  ADC12_B_enableInterrupt                          
00019924  ByteQueue_getLength                              
00019948  ByteQueue_init                                   
0001996c  __TI_zero_init                                   
000199b4  __mspabi_fltuf                                   
000199d8  __mspabi_mpyl_f5hw                               
000199fc  CommandHandler_calibUpdate                       
00019a1e  CommandHandler_transmitUserMessagePacket         
00019a40  lcd_statemachine_displayBatteryVoltage           
00019a62  ADC12_B_setupSamplingTimer                       
00019a82  Comm_i2cReceiveHandler                           
00019aa2  EUSCI_A_UART_receiveData                         
00019ae2  GPIO_clearInterrupt                              
00019b00  Timer_startDelayedFunctionTimer                  
00019b1e  USS_updateUUPSConfiguration                      
00019b3c  commonDetermineSiliconVersion                    
00019b5a  hal_lcd_clearSymbol                              
00019b78  hal_lcd_setSymbol                                
00019b96  hal_lcd_turnoffLCD                               
00019bb4  CommandHandler_transmitErrorPacket               
00019bd0  GPIO_setOutputHighOnPin                          
00019bec  GPIO_setOutputLowOnPin                           
00019c24  LCD_C_configChargePump                           
00019c40  __mspabi_mpysl_f5hw                              
00019c5c  __mspabi_mpyul_f5hw                              
00019c78  Testing_Update_Results                           
00019c92  Comm_setup                                       
00019e5a  __mspabi_mpyi_f5hw                               
00019e72  ADC12_B_disable                                  
00019fd2  __TI_decompress_none                             
00019fe8  __mspabi_divu                                    
00019fe8  __mspabi_remu                                    
00019ffe  ADC12_B_clearInterrupt                           
0001a012  CS_setExternalClockSource                        
0001a024  Checksum_computeChecksum                         
0001a036  Checksum_verifyChecksum                          
0001a048  Comm_addCmdListener                              
0001a05a  CommandHandler_setApplicationVersion             
0001a06c  USS_calibrateVolumeFlowRate                      
0001a07e  USS_waitForAppTimerElapse                        
0001a090  WDT_A_resetTimer                                 
0001a0a2  WDT_A_start                                      
0001a0b4  hal_system_GetResetSource                        
0001a0c6  strlen                                           
0001a0d8  LCD_C_setVLCDVoltage                             
0001a0e8  Ref_A_isVariableReferenceVoltageOutputReady      
0001a0f8  WDT_A_initWatchdogTimer                          
0001a108  __mspabi_sral                                    
0001a118  __mspabi_slll                                    
0001a128  __mspabi_srll                                    
0001a138  ADC12_B_enable                                   
0001a146  ADC12_B_getResults                               
0001a154  Ref_A_setReferenceVoltage                        
0001a162  USS_configAppTimerPeriod                         
0001a170  labs                                             
0001a17e  EUSCI_B_I2C_clearInterrupt                       
0001a18a  EUSCI_B_I2C_enableInterrupt                      
0001a196  EUSCI_B_I2C_slavePutData                         
0001a1a2  LCD_C_clearMemory                                
0001a1ae  commonEnableCaptureInterrupts                    
0001a1ba  lcd_statemachine_isSleep                         
0001a1c6  EUSCI_B_I2C_getInterruptStatus                   
0001a1d0  EUSCI_B_I2C_slaveGetData                         
0001a1da  LCD_C_disableChargePump                          
0001a1e4  Ref_A_isRefGenBusy                               
0001a1ee  _system_pre_init                                 
0001a1f8  abs                                              
0001a202  __mspabi_negf                                    
0001a20c  __mspabi_slli                                    
0001a216  __mspabi_srli                                    
0001a220  EUSCI_B_I2C_getMode                              
0001a228  Timer_stopDelayedFunctionTimer                   
0001a230  hal_lcd_clearLCD                                 
0001a238  hal_lcd_turnonLCD                                
0001a240  hal_system_WatchdogFeed                          
0001a248  CommandHandler_getUserParamsPtr                  
0001a24e  CommandHandler_setAdvMtrCalibTableStatus         
0001a254  EUSCI_B_I2C_disable                              
0001a25a  EUSCI_B_I2C_enable                               
0001a260  HMI_GetStatus                                    
0001a266  HMI_isLPMEnabled                                 
0001a26c  LCD_C_off                                        
0001a272  LCD_C_on                                         
0001a278  PMM_unlockLPM5                                   
0001a27e  Ref_A_disableReferenceVoltage                    
0001a284  Ref_A_enableReferenceVoltage                     
0001a28a  __mspabi_fltud                                   
0001a290  C$$EXIT                                          
0001a290  abort                                            
0001a296  Testing_GUIUpdate_PostUSSConfig                  
0001a29a  Testing_GUIUpdate_PreUSSConfig                   
0001a29e  Testing_PostAlgorithm_Update                     
0001a2a0  Testing_PreMeasurement_Update                    
0001a2a2  _system_post_cinit                               
00043ff0  app_version                                      
00043ff8  lib_version                                      
ffffffff  __TI_pprof_out_hndl                              
ffffffff  __TI_prof_data_size                              
ffffffff  __TI_prof_data_start                             
ffffffff  __c_args__                                       

[2298 symbols]
