******************************************************************************
                  MSP430 Linker PC v21.6.0                     
******************************************************************************
>> Linked Fri Sep 30 14:53:40 2022

OUTPUT FILE NAME:   <dn15_FR6047_demo.out>
ENTRY POINT SYMBOL: "_c_int00_noargs"  address: 00006462


MEMORY CONFIGURATION

         name            origin    length      used     unused   attr    fill
----------------------  --------  ---------  --------  --------  ----  --------
  TINYRAM               0000000a   00000016  00000000  00000016  RWIX
  BSL                   00001000   00000800  00000000  00000800  RWIX
  CAL_CONF              00001900   00000100  00000000  00000100  RWIX
  TLVMEM                00001a00   00000100  00000000  00000100  RWIX
  BOOTROM               00001b00   00000100  00000000  00000100  RWIX
  RAM                   00001c00   00001000  00000ad3  0000052d  RWIX
  LEARAM                00002c00   00000ec8  00000a38  00000490  RWIX
  LEASTACK              00003ac8   00000138  00000000  00000138  RWIX
  FRAM                  00004000   0000bf80  00003128  00008e58  RWIX
  JTAGSIGNATURE         0000ff80   00000004  00000004  00000000  RWIX  ffff 
  BSLSIGNATURE          0000ff84   00000004  00000004  00000000  RWIX  ffff 
  IPESIGNATURE          0000ff88   00000008  00000008  00000000  RWIX  ffff 
  INT00                 0000ff90   00000002  00000000  00000002  RWIX
  INT01                 0000ff92   00000002  00000000  00000002  RWIX
  INT02                 0000ff94   00000002  00000000  00000002  RWIX
  INT03                 0000ff96   00000002  00000000  00000002  RWIX
  INT04                 0000ff98   00000002  00000000  00000002  RWIX
  INT05                 0000ff9a   00000002  00000000  00000002  RWIX
  INT06                 0000ff9c   00000002  00000000  00000002  RWIX
  INT07                 0000ff9e   00000002  00000000  00000002  RWIX
  INT08                 0000ffa0   00000002  00000000  00000002  RWIX
  INT09                 0000ffa2   00000002  00000000  00000002  RWIX
  INT10                 0000ffa4   00000002  00000000  00000002  RWIX
  INT11                 0000ffa6   00000002  00000000  00000002  RWIX
  INT12                 0000ffa8   00000002  00000000  00000002  RWIX
  INT13                 0000ffaa   00000002  00000000  00000002  RWIX
  INT14                 0000ffac   00000002  00000002  00000000  RWIX
  INT15                 0000ffae   00000002  00000002  00000000  RWIX
  INT16                 0000ffb0   00000002  00000002  00000000  RWIX
  INT17                 0000ffb2   00000002  00000002  00000000  RWIX
  INT18                 0000ffb4   00000002  00000002  00000000  RWIX
  INT19                 0000ffb6   00000002  00000002  00000000  RWIX
  INT20                 0000ffb8   00000002  00000002  00000000  RWIX
  INT21                 0000ffba   00000002  00000002  00000000  RWIX
  INT22                 0000ffbc   00000002  00000002  00000000  RWIX
  INT23                 0000ffbe   00000002  00000002  00000000  RWIX
  INT24                 0000ffc0   00000002  00000002  00000000  RWIX
  INT25                 0000ffc2   00000002  00000002  00000000  RWIX
  INT26                 0000ffc4   00000002  00000002  00000000  RWIX
  INT27                 0000ffc6   00000002  00000002  00000000  RWIX
  INT28                 0000ffc8   00000002  00000002  00000000  RWIX
  INT29                 0000ffca   00000002  00000002  00000000  RWIX
  INT30                 0000ffcc   00000002  00000002  00000000  RWIX
  INT31                 0000ffce   00000002  00000002  00000000  RWIX
  INT32                 0000ffd0   00000002  00000002  00000000  RWIX
  INT33                 0000ffd2   00000002  00000002  00000000  RWIX
  INT34                 0000ffd4   00000002  00000002  00000000  RWIX
  INT35                 0000ffd6   00000002  00000002  00000000  RWIX
  INT36                 0000ffd8   00000002  00000002  00000000  RWIX
  INT37                 0000ffda   00000002  00000002  00000000  RWIX
  INT38                 0000ffdc   00000002  00000002  00000000  RWIX
  INT39                 0000ffde   00000002  00000002  00000000  RWIX
  INT40                 0000ffe0   00000002  00000002  00000000  RWIX
  INT41                 0000ffe2   00000002  00000002  00000000  RWIX
  INT42                 0000ffe4   00000002  00000002  00000000  RWIX
  INT43                 0000ffe6   00000002  00000002  00000000  RWIX
  INT44                 0000ffe8   00000002  00000002  00000000  RWIX
  INT45                 0000ffea   00000002  00000002  00000000  RWIX
  INT46                 0000ffec   00000002  00000002  00000000  RWIX
  INT47                 0000ffee   00000002  00000002  00000000  RWIX
  INT48                 0000fff0   00000002  00000002  00000000  RWIX
  INT49                 0000fff2   00000002  00000002  00000000  RWIX
  INT50                 0000fff4   00000002  00000002  00000000  RWIX
  INT51                 0000fff6   00000002  00000002  00000000  RWIX
  INT52                 0000fff8   00000002  00000002  00000000  RWIX
  INT53                 0000fffa   00000002  00000002  00000000  RWIX
  INT54                 0000fffc   00000002  00000002  00000000  RWIX
  RESET                 0000fffe   00000002  00000002  00000000  RWIX
  FRAM2                 00010000   00033fe0  0000b84e  00028792  RWIX
  VERSION               00043ff0   00000008  00000008  00000000  RWIX
  LIB_VERSION           00043ff8   00000008  00000008  00000000  RWIX


SECTION ALLOCATION MAP

 output                                  attributes/
section   page    origin      length       input sections
--------  ----  ----------  ----------   ----------------
uss_config 
*          0    00004000    0000012c     
                  00004000    00000022     USS_userConfig.obj (.TI.persistent:gUssSWConfig)
                  00004022    0000000c     USS_userConfig.obj (.TI.persistent:ussSystemConfig)
                  0000402e    00000010     USS_userConfig.obj (.TI.persistent:ussMeterConfig)
                  0000403e    00000022     USS_userConfig.obj (.TI.persistent:ussMeasurementConfig)
                  00004060    0000000c     USS_userConfig.obj (.TI.persistent:ussPLLConfig)
                  0000406c    0000001a     USS_userConfig.obj (.TI.persistent:ussCaptureConfig)
                  00004086    00000002     USS_userConfig.obj (.TI.persistent:ussTriggerConfig)
                  00004088    00000002     USS_userConfig.obj (.TI.persistent:ussInterruptConfig)
                  0000408a    0000008a     USS_userConfig.obj (.TI.persistent:ussAlgConfig)
                  00004114    00000014     USS_userConfig.obj (.TI.persistent:ussPulseConfig)
                  00004128    00000004     USS_userConfig.obj (.TI.persistent:singDualToneConfig)

.binit     0    00004000    00000000     

.TI.persistent 
*          0    0000412c    00001316     
                  0000412c    00000a50     USS_userConfig.obj (.TI.persistent:gNVMemBlock)
                  00004b7c    00000342     results.obj (.TI.persistent:g_ResultsOfLastMeasurement)
                  00004ebe    00000284     epsoncomm.obj (.TI.persistent:dataVar)
                  00005142    00000116     epsoncomm.obj (.TI.persistent:min_ctx)
                  00005258    0000005a     hmi.obj (.TI.persistent:gHMI)
                  000052b2    0000003f     hmi.obj (.TI.persistent:gstxPacket)
                  000052f1    0000003f     comm.obj (.TI.persistent:packet)
                  00005330    00000038     USS_Lib_HAL.obj (.TI.persistent)
                  00005368    00000030     USS_userConfig.obj (.TI.persistent:gUSSHilbertCoeffs)
                  00005398    00000028     board_v1_0.obj (.TI.persistent:commUart)
                  000053c0    00000024     USS_userConfig.obj (.TI.persistent:ussAlgorithmMeterConstCalib)
                  000053e4    00000020     board_v1_0.obj (.TI.persistent:commUartRxBuff)
                  00005404    0000001a     lcd_statemachine.obj (.TI.persistent:displayData)
                  0000541e    00000010     mathematics.obj (.TI.persistent)
                  0000542e    0000000c     lcd_statemachine.obj (.TI.persistent:g_lcd_statemachine)
                  0000543a    00000006     USS_userConfig.obj (.TI.persistent:ussAlgorithmVolumeFlowObj)
                  00005440    00000002     USS_App_userConfig.obj (.TI.persistent:USS_App_userConfig)

.cio       0    00005442    00000120     UNINITIALIZED
                  00005442    00000120     rts430x_lc_ld_eabi.lib : trgmsg.c.obj (.cio)

.sysmem    0    00005564    000000a0     
                  00005564    00000008     rts430x_lc_ld_eabi.lib : memory.c.obj (.sysmem) [fill = 0]
                  0000556c    00000098     --HOLE-- [fill = 0]

.ipestruct 
*          0    00005800    00000000     UNINITIALIZED

.ipe       0    00005800    00000000     UNINITIALIZED

.ipe_const 
*          0    00005800    00000000     UNINITIALIZED

.ipe:_isr 
*          0    00005800    00000000     UNINITIALIZED

.cinit     0    00007094    00000094     
                  00007094    00000064     (.cinit..data.load) [load image, compression = lzss]
                  000070f8    0000000c     (__TI_handler_table)
                  00007104    00000006     (.cinit..bss.load) [load image, compression = zero_init]
                  0000710a    00000006     (.cinit..leaRAM.load) [load image, compression = zero_init]
                  00007110    00000018     (__TI_cinit_table)

.version   0    00043ff0    00000008     
                  00043ff0    00000008     main.obj (.version:retain)

.libVersion 
*          0    00043ff8    00000008     
                  00043ff8    00000008     ussSwLibCommonAlgorithms.obj (.libVersion:retain)

.init_array 
*          0    00004000    00000000     UNINITIALIZED

.USS_ramfunc 
*          0    00005800    00000838     
                  00005800    000001e4     USS_math.obj (.USS_ramfunc:USS_iq30Atan2)
                  000059e4    00000178     USS_computeAbsTOF_lobe.obj (.USS_ramfunc:USS_computeAbsTOF_lobe_track)
                  00005b5c    00000106     USS_support_lea.obj (.USS_ramfunc:USS_corr3)
                  00005c62    000000fc     USS_math.obj (.USS_ramfunc:USS_iq31Div)
                  00005d5e    000000d6     USS_cosInterpolation.obj (.USS_ramfunc:USS_cosInterpolation)
                  00005e34    000000c6     USS_math.obj (.USS_ramfunc:USS_iq31toiq29Asin)
                  00005efa    00000092     USS_math.obj (.USS_ramfunc:USS_iq31Cos)
                  00005f8c    00000052     USS_computeAbsTOF_lobe.obj (.USS_ramfunc:USS_computeAbsTOF_lobe)
                  00005fde    0000003c     USS_support_lea.obj (.USS_ramfunc:USS_runWindow)
                  0000601a    0000001e     USS_support_lea.obj (.USS_ramfunc:USS_runParabolicInterpolation)

.text:_isr 
*          0    00006038    00000458     
                  00006038    00000136     i2cslave.obj (.text:_isr:I2CSlave_ISR)
                  0000616e    0000009e     USS_Lib_HAL.obj (.text:_isr:ISR_SDHS)
                  0000620c    0000006a     USS_Lib_HAL.obj (.text:_isr:ISR_SAPH)
                  00006276    00000052     USS_Lib_HAL.obj (.text:_isr:ISR_UUPS)
                  000062c8    00000044     hal_adc.obj (.text:_isr:ADC12_ISR)
                  0000630c    00000032     uart.obj (.text:_isr:USCI_A0_ISR)
                  0000633e    00000032     uart.obj (.text:_isr:USCI_A3_ISR)
                  00006370    0000002a     USS_Lib_HAL.obj (.text:_isr:USSLIB_HAL_TIMER_INT_CCRn)
                  0000639a    00000024     USS_Lib_HAL.obj (.text:_isr:ISR_HSPLL)
                  000063be    00000022     timeout.obj (.text:_isr:FunctionTimer_A_ISR)
                  000063e0    00000022     timeout.obj (.text:_isr:FunctionTimer_B_ISR)
                  00006402    00000022     USS_Lib_HAL.obj (.text:_isr:USSLIB_HAL_TIMER_INT)
                  00006424    00000020     USS_Lib_HAL.obj (.text:_isr:USS_LEA_ISR)
                  00006444    0000001e     hal_uart.obj (.text:_isr:hal_uart_ISR)
                  00006462    0000001c     rts430x_lc_ld_eabi.lib : boot.c.obj (.text:_isr:_c_int00_noargs)
                  0000647e    0000000a     USS_Lib_HAL.obj (.text:_isr:DMA_HSPLL)
                  00006488    00000008     rts430x_lc_ld_eabi.lib : isr_trap.asm.obj (.text:_isr:__TI_ISR_TRAP)

.bss       0    00001c00    000003a2     UNINITIALIZED
                  00001c00    00000100     (.common:gUSSAlgObject)
                  00001d00    000000c8     (.common:Comm_transmitBuffer)
                  00001dc8    000000a0     (.common:Comm_i2cSlaveRxBuffer)
                  00001e68    000000a0     (.common:__TI_tmpnams)
                  00001f08    00000020     (.common:Comm_receiveBuffer)
                  00001f28    0000001a     (.common:alg_results_float)
                  00001f42    00000012     hal_adc.obj (.bss)
                  00001f54    00000010     port_min.obj (.bss:rxCallback)
                  00001f64    0000000a     (.common:Comm_receiveQueue)
                  00001f6e    00000008     (.common:parmbuf)
                  00001f76    00000004     rts430x_lc_ld_eabi.lib : memory.c.obj (.bss)
                  00001f7a    00000004     (.common:DC_User_Params)
                  00001f7e    00000004     (.common:USSSWLIB_USS_interrupt_status)
                  00001f82    00000004     (.common:gRXUpdateFlag)
                  00001f86    00000004     (.common:g_pFunctionTimer)
                  00001f8a    00000004     (.common:g_pI2CSlavePort)
                  00001f8e    00000004     (.common:g_pI2CTransmitBuffer)
                  00001f92    00000002     ussSwLibAlgorithms.obj (.bss)
                  00001f94    00000002     (.common:USSSWLIB_USS_measurementPeriod)
                  00001f96    00000002     (.common:USS_LEA_IFG)
                  00001f98    00000002     (.common:g_ui16I2CIndex)
                  00001f9a    00000002     (.common:g_ui16I2CLength)
                  00001f9c    00000002     (.common:i16max_amplitude)
                  00001f9e    00000002     (.common:state)
                  00001fa0    00000001     hal_uart.obj (.bss)
                  00001fa1    00000001     (.common:g_bI2CSlaveRequestPending)

.data      0    00001fa2    00000331     UNINITIALIZED
                  00001fa2    000000ea     comm_config.obj (.data:Comm_listenerTable)
                  0000208c    000000c8     rts430x_lc_ld_eabi.lib : defs.c.obj (.data:_ftable)
                  00002154    00000078                            : host_device.c.obj (.data:_device)
                  000021cc    00000072     ussDCCommandHandlers.obj (.data:gCommandHandler)
                  0000223e    0000003c     rts430x_lc_ld_eabi.lib : host_device.c.obj (.data:_stream)
                  0000227a    0000001e     hal_lcd.obj (.data:LCDMemMap)
                  00002298    00000010     uart.obj (.data:perConfig)
                  000022a8    00000008     cs.obj (.data)
                  000022b0    00000006     comm_config.obj (.data:Comm_listenerConfig)
                  000022b6    00000004     rts430x_lc_ld_eabi.lib : exit_gvars.c.obj (.data:__TI_cleanup_ptr)
                  000022ba    00000004                            : exit_gvars.c.obj (.data:__TI_dtors_ptr)
                  000022be    00000004                            : _lock.c.obj (.data:_lock)
                  000022c2    00000004                            : _lock.c.obj (.data:_unlock)
                  000022c6    00000002     packet.obj (.data)
                  000022c8    00000002     results.obj (.data)
                  000022ca    00000002     rts430x_lc_ld_eabi.lib : defs.c.obj (.data)
                  000022cc    00000002                            : errno.c.obj (.data)
                  000022ce    00000002                            : exit.c.obj (.data)
                  000022d0    00000002                            : memory.c.obj (.data)
                  000022d2    00000001     i2cslave.obj (.data)

.stack     0    00002800    00000400     UNINITIALIZED
                  00002800    00000004     rts430x_lc_ld_eabi.lib : boot.c.obj (.stack)
                  00002804    000003fc     --HOLE--

.leaRAM    0    00002c00    00000a38     UNINITIALIZED
                  00002c00    000009d8     USS_userConfig.obj (.leaRAM)
                  000035d8    00000040     ussSwLibAlgorithms.obj (.leaRAM)
                  00003618    00000018     USS_lea.obj (.leaRAM)
                  00003630    00000008     USS_math.obj (.leaRAM)

$fill000   0    0000ff80    00000004     
                  0000ff80    00000004     --HOLE-- [fill = ffff]

$fill001   0    0000ff84    00000004     
                  0000ff84    00000004     --HOLE-- [fill = ffff]

$fill002   0    0000ff88    00000008     
                  0000ff88    00000008     --HOLE-- [fill = ffff]

SDHS       0    0000ffac    00000002     
                  0000ffac    00000002     USS_Lib_HAL.obj (.int14)

SAPH       0    0000ffae    00000002     
                  0000ffae    00000002     USS_Lib_HAL.obj (.int15)

HSPLL      0    0000ffb0    00000002     
                  0000ffb0    00000002     USS_Lib_HAL.obj (.int16)

UUPS       0    0000ffb2    00000002     
                  0000ffb2    00000002     USS_Lib_HAL.obj (.int17)

LEA        0    0000ffb4    00000002     
                  0000ffb4    00000002     USS_Lib_HAL.obj (.int18)

PORT9      0    0000ffb6    00000002     
                  0000ffb6    00000002     rts430x_lc_ld_eabi.lib : int19.asm.obj (.int19)

PORT8      0    0000ffb8    00000002     
                  0000ffb8    00000002     rts430x_lc_ld_eabi.lib : int20.asm.obj (.int20)

PORT7      0    0000ffba    00000002     
                  0000ffba    00000002     rts430x_lc_ld_eabi.lib : int21.asm.obj (.int21)

EUSCI_B1   0    0000ffbc    00000002     
                  0000ffbc    00000002     rts430x_lc_ld_eabi.lib : int22.asm.obj (.int22)

EUSCI_A3   0    0000ffbe    00000002     
                  0000ffbe    00000002     uart.obj (.int23)

EUSCI_A2   0    0000ffc0    00000002     
                  0000ffc0    00000002     rts430x_lc_ld_eabi.lib : int24.asm.obj (.int24)

PORT6      0    0000ffc2    00000002     
                  0000ffc2    00000002     rts430x_lc_ld_eabi.lib : int25.asm.obj (.int25)

PORT5      0    0000ffc4    00000002     
                  0000ffc4    00000002     rts430x_lc_ld_eabi.lib : int26.asm.obj (.int26)

TIMER4_A1 
*          0    0000ffc6    00000002     
                  0000ffc6    00000002     rts430x_lc_ld_eabi.lib : int27.asm.obj (.int27)

TIMER4_A0 
*          0    0000ffc8    00000002     
                  0000ffc8    00000002     rts430x_lc_ld_eabi.lib : int28.asm.obj (.int28)

AES256     0    0000ffca    00000002     
                  0000ffca    00000002     rts430x_lc_ld_eabi.lib : int29.asm.obj (.int29)

RTC_C      0    0000ffcc    00000002     
                  0000ffcc    00000002     rts430x_lc_ld_eabi.lib : int30.asm.obj (.int30)

LCD_C      0    0000ffce    00000002     
                  0000ffce    00000002     rts430x_lc_ld_eabi.lib : int31.asm.obj (.int31)

PORT4      0    0000ffd0    00000002     
                  0000ffd0    00000002     rts430x_lc_ld_eabi.lib : int32.asm.obj (.int32)

PORT3      0    0000ffd2    00000002     
                  0000ffd2    00000002     rts430x_lc_ld_eabi.lib : int33.asm.obj (.int33)

TIMER3_A1 
*          0    0000ffd4    00000002     
                  0000ffd4    00000002     rts430x_lc_ld_eabi.lib : int34.asm.obj (.int34)

TIMER3_A0 
*          0    0000ffd6    00000002     
                  0000ffd6    00000002     rts430x_lc_ld_eabi.lib : int35.asm.obj (.int35)

PORT2      0    0000ffd8    00000002     
                  0000ffd8    00000002     rts430x_lc_ld_eabi.lib : int36.asm.obj (.int36)

TIMER2_A1 
*          0    0000ffda    00000002     
                  0000ffda    00000002     timeout.obj (.int37)

TIMER2_A0 
*          0    0000ffdc    00000002     
                  0000ffdc    00000002     timeout.obj (.int38)

PORT1      0    0000ffde    00000002     
                  0000ffde    00000002     rts430x_lc_ld_eabi.lib : int39.asm.obj (.int39)

TIMER1_A1 
*          0    0000ffe0    00000002     
                  0000ffe0    00000002     USS_Lib_HAL.obj (.int40)

TIMER1_A0 
*          0    0000ffe2    00000002     
                  0000ffe2    00000002     USS_Lib_HAL.obj (.int41)

DMA        0    0000ffe4    00000002     
                  0000ffe4    00000002     USS_Lib_HAL.obj (.int42)

EUSCI_A1   0    0000ffe6    00000002     
                  0000ffe6    00000002     hal_uart.obj (.int43)

TIMER0_A1 
*          0    0000ffe8    00000002     
                  0000ffe8    00000002     rts430x_lc_ld_eabi.lib : int44.asm.obj (.int44)

TIMER0_A0 
*          0    0000ffea    00000002     
                  0000ffea    00000002     rts430x_lc_ld_eabi.lib : int45.asm.obj (.int45)

ADC12_B    0    0000ffec    00000002     
                  0000ffec    00000002     hal_adc.obj (.int46)

EUSCI_B0   0    0000ffee    00000002     
                  0000ffee    00000002     i2cslave.obj (.int47)

EUSCI_A0   0    0000fff0    00000002     
                  0000fff0    00000002     uart.obj (.int48)

WDT        0    0000fff2    00000002     
                  0000fff2    00000002     rts430x_lc_ld_eabi.lib : int49.asm.obj (.int49)

TIMER0_B1 
*          0    0000fff4    00000002     
                  0000fff4    00000002     rts430x_lc_ld_eabi.lib : int50.asm.obj (.int50)

TIMER0_B0 
*          0    0000fff6    00000002     
                  0000fff6    00000002     rts430x_lc_ld_eabi.lib : int51.asm.obj (.int51)

COMP_E     0    0000fff8    00000002     
                  0000fff8    00000002     rts430x_lc_ld_eabi.lib : int52.asm.obj (.int52)

UNMI       0    0000fffa    00000002     
                  0000fffa    00000002     rts430x_lc_ld_eabi.lib : int53.asm.obj (.int53)

SYSNMI     0    0000fffc    00000002     
                  0000fffc    00000002     rts430x_lc_ld_eabi.lib : int54.asm.obj (.int54)

.reset     0    0000fffe    00000002     
                  0000fffe    00000002     rts430x_lc_ld_eabi.lib : boot.c.obj (.reset)

.const     0    00006490    00000c04     
                  00006490    000004b6     uart.obj (.const:.string)
                  00006946    00000400     USS_userConfig.obj (.const:gUSSAbsToFLUT)
                  00006d46    00000100     QmathLib_CCS_MPY32_5xx_6xx_CPUX_large_code_large_data.lib : _QNtables.o (.const:_Q16div_coeffs)
                  00006e46    000000b6     lcd_statemachine.obj (.const:.string)
                  00006efc    00000041     IQmathLib_CCS_MPY32_5xx_6xx_CPUX_large_code_large_data.lib : _IQNtables.o (.const:.string:_IQ6div_lookup)
                  00006f3d    0000003f     USS_computeDeltaTOF_estimate.obj (.const:$P$T0$1)
                  00006f7c    0000003f     USS_computeDeltaTOF_estimate.obj (.const:$P$T1$2)
                  00006fbb    00000001     --HOLE-- [fill = 0]
                  00006fbc    00000034     hal_lcd.obj (.const:alphabetBigTable)
                  00006ff0    00000026     hal_lcd.obj (.const:symbolTable)
                  00007016    0000001c     gpio.obj (.const:GPIO_PORT_TO_BASE)
                  00007032    0000001b     ussDCCommandHandlers.obj (.const:.string:$P$T0$1)
                  0000704d    00000001     --HOLE-- [fill = 0]
                  0000704e    00000014     hal_lcd.obj (.const:digitTable)
                  00007062    00000010     comm.obj (.const:Comm_i2cSlavePort)
                  00007072    0000000c     i2cslave.obj (.const:g_I2CSlaveFunctionTimer)
                  0000707e    0000000a     hal_adc.obj (.const:$P$T0$1)
                  00007088    00000006     hal_lcd.obj (.const:.string:$P$T1$2)
                  0000708e    00000006     i2cslave.obj (.const:g_I2CSlaveConfiguration)

.text      0    00010000    0000b84e     
                  00010000    0000072a     rts430x_lc_ld_eabi.lib : addd.c.obj (.text:__mspabi_addd)
                  0001072a    00000522     USS_computeDeltaTOF_estimate.obj (.text:USS_computeDeltaTOF_estimate)
                  00010c4c    000004c6     USS_init.obj (.text:USS_init)
                  00011112    00000466     rts430x_lc_ld_eabi.lib : frcdivd.c.obj (.text:__TI_frcdivd)
                  00011578    0000034e                            : div64u.c.obj (.text:__mspabi_divull)
                  000118c6    00000342     mathematics.obj (.text:mathematics_FloatToString)
                  00011c08    000002ec     ussSwLibAlgorithms.obj (.text:USS_initAlgorithms)
                  00011ef4    000002de     rts430x_lc_ld_eabi.lib : e_sqrt.c.obj (.text:sqrt)
                  000121d2    00000298     hmi.obj (.text:HMI_guiInputValidation)
                  0001246a    00000298     rts430x_lc_ld_eabi.lib : mpyd.c.obj (.text:__mspabi_mpyd)
                  00012702    00000278     ussSwLibCommonSAPH.obj (.text:commonValidateSAPHconfigruation)
                  0001297a    0000024e     USS_computeAbsTOF_lobe.obj (.text:USS_computeAbsTOF_lobe_search)
                  00012bc8    0000024c     hmi.obj (.text:HMI_updateUSSParameters)
                  00012e14    00000226     USS_computeDeltaTOF_estimate.obj (.text:USS_runSampleCorrection)
                  0001303a    00000222     rts430x_lc_ld_eabi.lib : divd.c.obj (.text:__mspabi_divd)
                  0001325c    000001f8     uart.obj (.text:InitUart)
                  00013454    000001f4     ussSwLibAlgorithms.obj (.text:privateRunAlg)
                  00013648    000001e8     ussDCCommandHandlers.obj (.text:CommandHandler_registerCmdListeners)
                  00013830    000001d4     ussSwLibConfiguration.obj (.text:USS_updateSAPHConfiguration)
                  00013a04    000001d4     IQmathLib_CCS_MPY32_5xx_6xx_CPUX_large_code_large_data.lib : _IQNdiv.o (.text:_IQ21div)
                  00013bd8    000001c4     rts430x_lc_ld_eabi.lib : s_floor.c.obj (.text:floor)
                  00013d9c    000001ba     ussSwLibAlgorithms.obj (.text:USS_generateMonoDualToneBinaryPattern)
                  00013f56    000001b6     rts430x_lc_ld_eabi.lib : memory.c.obj (.text:aligned_alloc)
                  0001410c    00000198     hmi.obj (.text:HMI_update_USSmeasurementConfig)
                  000142a4    00000194     USS_computeDeltaTOF_estimate.obj (.text:USS_generateWindow)
                  00014438    00000186     hal_system.obj (.text:hal_system_Init)
                  000145be    0000017a     min.obj (.text:rx_byte)
                  00014738    00000168     ussSwLibAlgorithms.obj (.text:USS_updateClockRelativeError)
                  000148a0    00000164     rts430x_lc_ld_eabi.lib : frcmpyd.c.obj (.text:__TI_frcmpyd)
                  00014a04    00000162     ussSwLibCommonSAPH.obj (.text:commonConfigurePPGDutyCyle)
                  00014b66    0000015a     rts430x_lc_ld_eabi.lib : fputs.c.obj (.text:fputs)
                  00014cc0    0000014e     ussDCCommandHandlers.obj (.text:CommandHandler_transmitCapturePackages)
                  00014e0e    0000014c     rts430x_lc_ld_eabi.lib : memory.c.obj (.text:free)
                  00014f5a    0000013c     USS_updateADCParams.obj (.text:USS_updateADCParams)
                  00015096    00000136     hmi.obj (.text:HMI_PostAlgorithm_Update)
                  000151cc    00000132     ussDCCommandHandlers.obj (.text:resolveRXFlag)
                  000152fe    00000132     rts430x_lc_ld_eabi.lib : fs_add.asm.obj (.text)
                  00015430    00000130     hal_adc.obj (.text:hal_adc_init)
                  00015560    0000011e     ussDCCommandHandlers.obj (.text:CommandHandler_transmitResults)
                  0001567e    00000114     ussSwLibConfiguration.obj (.text:USS_updateHSPLLConfiguration)
                  00015792    0000010c     ussDCCommandHandlers.obj (.text:Handler_req_calibration_config_id)
                  0001589e    00000106     rts430x_lc_ld_eabi.lib : s_round.c.obj (.text:round)
                  000159a4    00000104     packet.obj (.text:Packet_extractFromStream)
                  00015aa8    000000fa     rts430x_lc_ld_eabi.lib : setvbuf.c.obj (.text:setvbuf)
                  00015ba2    000000f8     hmi.obj (.text:HMI_update_USSpllConfiguration)
                  00015c9a    000000f2     hal_adc.obj (.text:hal_adc_voltagesupply_readmV)
                  00015d8c    000000f0     cs.obj (.text:CS_setDCOFreq)
                  00015e7c    000000ee     hal_lcd.obj (.text:hal_lcd_displayScrollText)
                  00015f6a    000000e2     results.obj (.text:results_Update)
                  0001604c    000000dc     lcd_statemachine.obj (.text:lcd_statemachine_displayScrollStatistics)
                  00016128    000000d8     rts430x_lc_ld_eabi.lib : cmpd.c.obj (.text:__mspabi_cmpd)
                  00016200    000000d8     min.obj (.text:min_send_frame)
                  000162d8    000000d4     ussDCCommandHandlers.obj (.text:Handler_mtr_calibration_table_id)
                  000163ac    000000d0     ussDCCommandHandlers.obj (.text:Handler_calib_linear_constants_id)
                  0001647c    000000ca     ussSwLibCommonHSPLL.obj (.text:commonGetHSPLLFreqInHz)
                  00016546    000000ca     ussSwLibCommonAlgorithms.obj (.text:commonGetPLLFreqInHz)
                  00016610    000000c2     rts430x_lc_ld_eabi.lib : memory.c.obj (.text:split)
                  000166d2    000000be     QmathLib_CCS_MPY32_5xx_6xx_CPUX_large_code_large_data.lib : _QNdiv.o (.text:_Q15div)
                  00016790    000000bc     lcd_statemachine.obj (.text:lcd_statemachine_stateAction)
                  0001684c    000000ba     ussSwLibMeasurement.obj (.text:USS_commonTriggerSingleCapture)
                  00016906    000000ba     ussSwLibAlgorithms.obj (.text:USS_getResultsInFloat)
                  000169c0    000000ba     ussSwLibCommonUSS.obj (.text:commonIsconversionSuccessfull)
                  00016a7a    000000b8     hal_lcd.obj (.text:hal_lcd_showCharwPoint)
                  00016b32    000000b8     mathematics.obj (.text:mathematics_CalcStDevflt)
                  00016bea    000000b8     rts430x_lc_ld_eabi.lib : fs_mpy.asm.obj (.text)
                  00016ca2    000000b2     USS_run.obj (.text:USS_run)
                  00016d54    000000b2     rts430x_lc_ld_eabi.lib : cvtdf.c.obj (.text:__mspabi_cvtdf)
                  00016e06    000000b2     ussSwLibAlgorithms.obj (.text:privateGeneratePattern)
                  00016eb8    000000ae     USS_filter.obj (.text:USS_filter)
                  00016f66    000000a4     hmi.obj (.text:HMI_reportError_sendErrorMessage)
                  0001700a    0000009e     rts430x_lc_ld_eabi.lib : fltlid.c.obj (.text:__mspabi_fltlid)
                  000170a8    0000009a                            : hostlseek.c.obj (.text:HOSTlseek)
                  00017142    00000096     ussDCCommandHandlers.obj (.text:CommandHandler_updateParams)
                  000171d8    00000096     ussSwLibCommonUSS.obj (.text:commonUpdateUSSULPbiasDelay)
                  0001726e    00000096     lcd_statemachine.obj (.text:lcd_statemachine_stateUpdate)
                  00017304    00000096     ussSwLibAlgorithms.obj (.text:privatePadCaptures)
                  0001739a    00000090     hal_lcd.obj (.text:hal_lcd_Init)
                  0001742a    00000090     rts430x_lc_ld_eabi.lib : fs_div.asm.obj (.text)
                  000174ba    0000008a     USSLibGUIApp.obj (.text:USSLibGUIApp_Engine)
                  00017544    0000008a     ussSwLibVFRCalibFlow.obj (.text:USS_calibrateVFRFlow)
                  000175ce    0000008a     USS_computeVolumeFlowRate_water.obj (.text:USS_computeVolumeFlowRate_water)
                  00017658    00000088     adc12_b.obj (.text:ADC12_B_init)
                  000176e0    00000088     USSLibGUIApp.obj (.text:USSLibGUIApp_Init)
                  00017768    00000086     lcd_c.obj (.text:LCD_C_setPinAsLCDFunctionEx)
                  000177ee    00000086     rts430x_lc_ld_eabi.lib : _io_perm.c.obj (.text:__TI_wrt_ok)
                  00017874    00000082     USS_cosInterpolation.obj (.text:USS_generateOmega)
                  000178f6    00000082     ussSwLibConfiguration.obj (.text:USS_updateSDHSConfiguration)
                  00017978    00000080     testing.obj (.text:Testing_PostMeasurement_Update)
                  000179f8    00000080     IQmathLib_CCS_MPY32_5xx_6xx_CPUX_large_code_large_data.lib : __IQNrsmpy.o (.text:_IQ15rsmpy)
                  00017a78    00000080     rts430x_lc_ld_eabi.lib : fltuld.c.obj (.text:__mspabi_fltuld)
                  00017af8    00000080     ussSwLibCommonTimer.obj (.text:commonTimerGenerateLowPowerDelay)
                  00017b78    00000080     hal_lcd.obj (.text:hal_lcd_showBattery)
                  00017bf8    0000007e     ussDCCommandHandlers.obj (.text:CommandHandler_transmitCaptures)
                  00017c76    0000007e     hmi.obj (.text:HMI_PreMeasurement_Update)
                  00017cf4    0000007e     IQmathLib_CCS_MPY32_5xx_6xx_CPUX_large_code_large_data.lib : __IQNrsmpy.o (.text:_IQ19rsmpy)
                  00017d72    0000007e     rts430x_lc_ld_eabi.lib : fs_tol.asm.obj (.text)
                  00017df0    0000007c     IQmathLib_CCS_MPY32_5xx_6xx_CPUX_large_code_large_data.lib : __IQNrsmpy.o (.text:_IQ30rsmpy)
                  00017e6c    0000007a     ussSwLibCommonSDHS.obj (.text:commonValidateSDHSconfigruation)
                  00017ee6    00000078     rts430x_lc_ld_eabi.lib : autoinit.c.obj (.text:__TI_auto_init_nobinit_nopinit_hold_wdt:__TI_auto_init_nobinit_nopinit_hold_wdt)
                  00017f5e    00000078     lcd_statemachine.obj (.text:lcd_satemachine_srollState)
                  00017fd6    00000078     mathematics.obj (.text:mathematics_CalcPercentage)
                  0001804e    00000076     rts430x_lc_ld_eabi.lib : copy_decompress_lzss.c.obj (.text:decompress:lzss:__TI_decompress_lzss)
                  000180c4    00000074                            : hostrename.c.obj (.text:HOSTrename)
                  00018138    00000074     ussSwLibVFRCalibFlow.obj (.text:USS_findMeterConstantRange)
                  000181ac    00000074     ussSwLibAlgorithms.obj (.text:USS_runAlgorithmsFixedPoint)
                  00018220    00000074     rts430x_lc_ld_eabi.lib : fclose.c.obj (.text:__TI_closefile)
                  00018294    00000074                            : fseek.c.obj (.text:fseeko)
                  00018308    00000074     mathematics.obj (.text:mathematics_CalcAverageflt)
                  0001837c    00000072     IQmathLib_CCS_MPY32_5xx_6xx_CPUX_large_code_large_data.lib : _IQNtoF.o (.text:_IQ16toF)
                  000183ee    00000072                                                                : _IQNtoF.o (.text:_IQ21toF)
                  00018460    00000072                                                                : _IQNtoF.o (.text:_IQ27toF)
                  000184d2    00000072                                                                : _IQNtoF.o (.text:_IQ30toF)
                  00018544    00000070     rts430x_lc_ld_eabi.lib : hostopen.c.obj (.text:HOSTopen)
                  000185b4    0000006e     ussDCCommandHandlers.obj (.text:Handler_app_version)
                  00018622    0000006c     rts430x_lc_ld_eabi.lib : hostwrite.c.obj (.text:HOSTwrite)
                  0001868e    0000006c     USSLibGUIApp.obj (.text:USSLibGUIApp_ReInitialize)
                  000186fa    0000006c     ussSwLibMeasurement.obj (.text:USS_startLowPowerUltrasonicCapture)
                  00018766    0000006c     uart.obj (.text:UartSend)
                  000187d2    0000006a     rts430x_lc_ld_eabi.lib : hostread.c.obj (.text:HOSTread)
                  0001883c    0000006a     results.obj (.text:results_Reset)
                  000188a6    00000068     gpio.obj (.text:GPIO_setAsPeripheralModuleFunctionInputPin)
                  0001890e    00000068     rts430x_lc_ld_eabi.lib : fixdul.c.obj (.text:__mspabi_fixdul)
                  00018976    00000068                            : fs_toi.asm.obj (.text)
                  000189de    00000068     hmi.obj (.text:timeToPLLCycles)
                  00018a46    00000066     ussSwLibCommonAlgorithms.obj (.text:commonValidateAlgorithmsConfiguration)
                  00018aac    00000064     rts430x_lc_ld_eabi.lib : cvtfd.c.obj (.text:__mspabi_cvtfd)
                  00018b10    00000064     lcd_statemachine.obj (.text:lcd_statemachine_displayAvgFlowRate)
                  00018b74    00000064     lcd_statemachine.obj (.text:lcd_statemachine_displayFlowRate)
                  00018bd8    00000064     lcd_statemachine.obj (.text:lcd_statemachine_displayVolume)
                  00018c3c    00000064     mathematics.obj (.text:mathematics_IntToStr)
                  00018ca0    00000062     i2cslave.obj (.text:I2CSlave_openPort)
                  00018d02    00000062     rts430x_lc_ld_eabi.lib : getdevice.c.obj (.text:getdevice)
                  00018d64    00000060                            : fflush.c.obj (.text:__TI_doflush)
                  00018dc4    00000060     ussSwLibCommonAlgorithms.obj (.text:commonValidateMeterConstantConfiguration)
                  00018e24    0000005e     ussDCCommandHandlers.obj (.text:Handler_f1_and_f2)
                  00018e82    0000005e     listener.obj (.text:Listener_registerListener)
                  00018ee0    0000005e     USS_support_lea.obj (.text:USS_addOffset)
                  00018f3e    0000005e     USS_support_lea.obj (.text:USS_lea_invokeCommand)
                  00018f9c    0000005e     USS_support_lea.obj (.text:USS_scaleSamples)
                  00018ffa    0000005e     hal_system.obj (.text:hal_system_ButtonsCheck)
                  00019058    0000005e     hal_system.obj (.text:hal_system_ButtonsInit)
                  000190b6    0000005c     IQmathLib_CCS_MPY32_5xx_6xx_CPUX_large_code_large_data.lib : __IQNmpy.o (.text:_IQ21mpy)
                  00019112    0000005c     rts430x_lc_ld_eabi.lib : mult64_f5hw.asm.obj (.text:__mpyll)
                  0001916e    0000005a     i2cslave.obj (.text:I2CSlave_handleEndOfReceive)
                  000191c8    0000005a     rts430x_lc_ld_eabi.lib : close.c.obj (.text:close)
                  00019222    0000005a     ussSwLibCommonUSS.obj (.text:commonWaitForconversion)
                  0001927c    00000058     byte_queue.obj (.text:ByteQueue_push)
                  000192d4    00000058     rts430x_lc_ld_eabi.lib : fflush.c.obj (.text:fflush)
                  0001932c    00000058                            : div32u.asm.obj (.text)
                  00019384    00000056     cs.obj (.text:CS_initClockSignal)
                  000193da    00000056     IQmathLib_CCS_MPY32_5xx_6xx_CPUX_large_code_large_data.lib : __IQNrmpy.o (.text:_IQ12rmpy)
                  00019430    00000056     ussDCCommandHandlers.obj (.text:processCommand)
                  00019486    00000054     USS_support_lea.obj (.text:USS_addSamples)
                  000194da    00000054     IQmathLib_CCS_MPY32_5xx_6xx_CPUX_large_code_large_data.lib : __IQNmpy.o (.text:_IQ20mpy)
                  0001952e    00000054     rts430x_lc_ld_eabi.lib : rem64u.c.obj (.text:__mspabi_remull)
                  00019582    00000052     lcd_c.obj (.text:LCD_C_setMemory)
                  000195d4    00000052     USS_support_lea.obj (.text:USS_fir)
                  00019626    00000050     USS_support_lea.obj (.text:USS_copyArrayRight)
                  00019676    00000050     hal_system.obj (.text:hal_system_ButtonsClearInt)
                  000196c6    0000004e     rts430x_lc_ld_eabi.lib : hostclose.c.obj (.text:HOSTclose)
                  00019714    0000004e     USS_support_lea.obj (.text:USS_copyArrayLeft)
                  00019762    0000004e     USS_lea.obj (.text:USS_lea_init)
                  000197b0    0000004e     QmathLib_CCS_MPY32_5xx_6xx_CPUX_large_code_large_data.lib : __QNrmpy.o (.text:_Q12rmpy)
                  000197fe    0000004e     ussSwLibCommonTimer.obj (.text:commonTimerConfigureTimer)
                  0001984c    0000004e     rts430x_lc_ld_eabi.lib : strncpy.c.obj (.text:strncpy)
                  0001989a    0000004c     listener.obj (.text:Listener_lookupHandler)
                  000198e6    0000004c     tlv.obj (.text:TLV_getInfo)
                  00019932    0000004c     ussSwLibConfiguration.obj (.text:USS_updateUSSInterruptsConfiguration)
                  0001997e    0000004c     rts430x_lc_ld_eabi.lib : fs_toul.asm.obj (.text)
                  000199ca    0000004a     gpio.obj (.text:GPIO_setAsInputPinWithPullUpResistor)
                  00019a14    0000004a     ussSwLibMeasurement.obj (.text:USS_configureUltrasonicMeasurement)
                  00019a5e    0000004a     rts430x_lc_ld_eabi.lib : exit.c.obj (.text:exit)
                  00019aa8    0000004a     lcd_statemachine.obj (.text:lcd_statemachine_displayAvgDeltaTOF)
                  00019af2    0000004a     lcd_statemachine.obj (.text:lcd_statemachine_displayDeltaTOF)
                  00019b3c    0000004a     lcd_statemachine.obj (.text:lcd_statemachine_displayDeltaTOFStandardDeviation)
                  00019b86    0000004a     rts430x_lc_ld_eabi.lib : fs_cmp.asm.obj (.text)
                  00019bd0    0000004a                            : fs_ltof.asm.obj (.text)
                  00019c1a    00000048     uart.obj (.text:UartReadBytes)
                  00019c62    00000048     IQmathLib_CCS_MPY32_5xx_6xx_CPUX_large_code_large_data.lib : __IQNmpy.o (.text:_IQ30mpy)
                  00019caa    00000048     ussSwLibCommonTimer.obj (.text:commonTimerWaitEvent)
                  00019cf2    00000046     rts430x_lc_ld_eabi.lib : hostunlink.c.obj (.text:HOSTunlink)
                  00019d38    00000046     USS_support_lea.obj (.text:USS_copy)
                  00019d7e    00000046     rts430x_lc_ld_eabi.lib : memory.c.obj (.text:free_list_insert)
                  00019dc4    00000046                            : fs_tou.asm.obj (.text)
                  00019e0a    00000044     timeout.obj (.text:Timer_scheduleDelayedFunction)
                  00019e4e    00000042     ussDCCommandHandlers.obj (.text:CommandHandler_transmittAdvancedDebugData)
                  00019e90    00000040     ussDCCommandHandlers.obj (.text:CommandHandler_transmittDebugData)
                  00019ed0    00000040     gpio.obj (.text:GPIO_setAsInputPin)
                  00019f10    00000040     rts430x_lc_ld_eabi.lib : asr64.c.obj (.text:__mspabi_srall)
                  00019f50    00000040     ussSwLibCommonUSS.obj (.text:commonDetermineVariant)
                  00019f90    00000040     rts430x_lc_ld_eabi.lib : div32s.asm.obj (.text)
                  00019fd0    00000040     min.obj (.text:stuffed_tx_byte)
                  0001a010    0000003e     byte_queue.obj (.text:ByteQueue_pull)
                  0001a04e    0000003e     ussSwLibCommonSDHS.obj (.text:commonSDHSConfigModOpt)
                  0001a08c    0000003e     min.obj (.text:crc32_step)
                  0001a0ca    0000003e     rts430x_lc_ld_eabi.lib : asr32.asm.obj (.text:l_asr_const)
                  0001a108    0000003e                            : lsl32.asm.obj (.text:l_lsl_const)
                  0001a146    0000003e                            : lsr32.asm.obj (.text:l_lsr_const)
                  0001a184    0000003e                            : lseek.c.obj (.text:lseek)
                  0001a1c2    0000003c     adc12_b.obj (.text:ADC12_B_configureMemory)
                  0001a1fe    0000003c     ussSwLibCommonSDHS.obj (.text:commonSDHSRestoreSDHSDTCA)
                  0001a23a    0000003c     lcd_statemachine.obj (.text:lcd_statemachine_writeLCD)
                  0001a276    0000003c     rts430x_lc_ld_eabi.lib : memcpy.c.obj (.text:memcpy)
                  0001a2b2    0000003c     min.obj (.text:min_poll)
                  0001a2ee    0000003c     results.obj (.text:resultsCalcVolume)
                  0001a32a    0000003c     rts430x_lc_ld_eabi.lib : write.c.obj (.text:write)
                  0001a366    0000003a     cs.obj (.text:CS_turnOnLFXT)
                  0001a3a0    0000003a     rts430x_lc_ld_eabi.lib : lsl64.c.obj (.text:__mspabi_sllll)
                  0001a3da    0000003a                            : lsr64.c.obj (.text:__mspabi_srlll)
                  0001a414    00000038     ussDCCommandHandlers.obj (.text:CommandHandler_rxUpdate)
                  0001a44c    00000038     i2cslave.obj (.text:I2CSlave_setRequestFlag)
                  0001a484    00000038     USS_support_lea.obj (.text:USS_zeroInit)
                  0001a4bc    00000038     IQmathLib_CCS_MPY32_5xx_6xx_CPUX_large_code_large_data.lib : __IQNmpy.o (.text:_IQ16mpy)
                  0001a4f4    00000038     ussSwLibCommonTimer.obj (.text:commonTimerConfigureTick)
                  0001a52c    00000036     rts430x_lc_ld_eabi.lib : fopen.c.obj (.text:__TI_cleanup)
                  0001a562    00000036                            : trgmsg.c.obj (.text:__TI_writemsg)
                  0001a598    00000036                            : getdevice.c.obj (.text:finddevice)
                  0001a5ce    00000036                            : fs_itof.asm.obj (.text)
                  0001a604    00000034     comm.obj (.text:Comm_writePacket)
                  0001a638    00000034     gpio.obj (.text:GPIO_setAsOutputPin)
                  0001a66c    00000034     ussSwLibAlgorithms.obj (.text:USS_getDNSPtr)
                  0001a6a0    00000034     ussSwLibAlgorithms.obj (.text:USS_getUPSPtr)
                  0001a6d4    00000032     gpio.obj (.text:GPIO_getInterruptStatus)
                  0001a706    00000032     rts430x_lc_ld_eabi.lib : trgmsg.c.obj (.text:__TI_readmsg)
                  0001a738    00000032                            : subd.c.obj (.text:__mspabi_subd)
                  0001a76a    00000032     ussSwLibCommonInterrupts.obj (.text:commonDisableCaptureInterrupts)
                  0001a79c    00000032     hal_system.obj (.text:hal_system_ButtonsClearAll)
                  0001a7ce    00000032     rts430x_lc_ld_eabi.lib : fs_ultof.asm.obj (.text)
                  0001a800    00000030     adc12_b.obj (.text:ADC12_B_startConversion)
                  0001a830    00000030     hmi.obj (.text:HMI_Init)
                  0001a860    00000030     lcd_c.obj (.text:LCD_C_init)
                  0001a890    00000030     ussSwLibCommonTimer.obj (.text:commonTimerConfigureDelay)
                  0001a8c0    00000030     main.obj (.text:main)
                  0001a8f0    00000030     lcd_c.obj (.text:setLCDFunction)
                  0001a920    00000030     rts430x_lc_ld_eabi.lib : unlink.c.obj (.text:unlink)
                  0001a950    0000002e     comm.obj (.text:Comm_listenForCmd)
                  0001a97e    0000002e     gpio.obj (.text:GPIO_selectInterruptEdge)
                  0001a9ac    0000002e     lcd_c.obj (.text:LCD_C_setVLCDSource)
                  0001a9da    0000002e     rts430x_lc_ld_eabi.lib : negd.c.obj (.text:__mspabi_negd)
                  0001aa08    0000002e     ussSwLibCommonHSPLL.obj (.text:commonValidateHSPLLconfiguration)
                  0001aa36    0000002e     hal_system.obj (.text:hal_system_LEDOff)
                  0001aa64    0000002e     hal_system.obj (.text:hal_system_LEDOn)
                  0001aa92    0000002e     mathematics.obj (.text:mathematics_Reverse)
                  0001aac0    0000002c     packet.obj (.text:Packet_appendChecksum)
                  0001aaec    0000002c     rts430x_lc_ld_eabi.lib : mult3264_f5hw.asm.obj (.text:__mpyull)
                  0001ab18    0000002c     lcd_statemachine.obj (.text:lcd_statemachine_clearWriteData)
                  0001ab44    0000002c     rts430x_lc_ld_eabi.lib : div16s.asm.obj (.text)
                  0001ab70    0000002a     ussDCCommandHandlers.obj (.text:CommandHandler_transmitUserErrorMsgPacket)
                  0001ab9a    0000002a     eusci_b_i2c.obj (.text:EUSCI_B_I2C_initSlave)
                  0001abc4    0000002a     hmi.obj (.text:HMI_PostMeasurement_Update)
                  0001abee    0000002a     i2cslave.obj (.text:I2CSlave_setTransmitBuffer)
                  0001ac18    0000002a     rts430x_lc_ld_eabi.lib : memory.c.obj (.text:free_list_remove)
                  0001ac42    00000028     byte_queue.obj (.text:ByteQueue_isFull)
                  0001ac6a    00000028     ussDCCommandHandlers.obj (.text:CommandHandler_updateCalibParams)
                  0001ac92    00000028     epsoncomm.obj (.text:EpsonCommInit)
                  0001acba    00000028     timeout.obj (.text:Timer_cancelDelayedFunction)
                  0001ace2    00000028     ussSwLibCommonInterrupts.obj (.text:commonEnableCommonCaptureInterrupts)
                  0001ad0a    00000026     ussSwLibCommonTimer.obj (.text:commonTimerWaitTickEvent)
                  0001ad30    00000024     adc12_b.obj (.text:ADC12_B_disableInterrupt)
                  0001ad54    00000024     adc12_b.obj (.text:ADC12_B_enableInterrupt)
                  0001ad78    00000024     byte_queue.obj (.text:ByteQueue_getLength)
                  0001ad9c    00000024     byte_queue.obj (.text:ByteQueue_init)
                  0001adc0    00000024     rts430x_lc_ld_eabi.lib : copy_zero_init.c.obj (.text:decompress:ZI:__TI_zero_init)
                  0001ade4    00000024     hal_lcd.obj (.text:hal_lcd_updatememory)
                  0001ae08    00000024     rts430x_lc_ld_eabi.lib : fs_utof.asm.obj (.text)
                  0001ae2c    00000024                            : mult32_f5hw.asm.obj (.text)
                  0001ae50    00000022     ussDCCommandHandlers.obj (.text:CommandHandler_calibUpdate)
                  0001ae72    00000022     ussDCCommandHandlers.obj (.text:CommandHandler_transmitUserMessagePacket)
                  0001ae94    00000022     lcd_statemachine.obj (.text:lcd_statemachine_displayBatteryVoltage)
                  0001aeb6    00000020     adc12_b.obj (.text:ADC12_B_setupSamplingTimer)
                  0001aed6    00000020     comm.obj (.text:Comm_i2cReceiveHandler)
                  0001aef6    00000020     eusci_a_uart.obj (.text:EUSCI_A_UART_receiveData)
                  0001af16    00000020     ussDCCommandHandlers.obj (.text:Handler_max_vfr_id)
                  0001af36    00000020     epsoncomm.obj (.text:RunEpsonCommFSM)
                  0001af56    00000020     epsoncomm.obj (.text:RxCallback)
                  0001af76    00000020     rts430x_lc_ld_eabi.lib : memchr.c.obj (.text:memchr)
                  0001af96    0000001e     board_v1_0.obj (.text:Board_InitPeripherals)
                  0001afb4    0000001e     gpio.obj (.text:GPIO_clearInterrupt)
                  0001afd2    0000001e     timeout.obj (.text:Timer_startDelayedFunctionTimer)
                  0001aff0    0000001e     ussSwLibConfiguration.obj (.text:USS_updateUUPSConfiguration)
                  0001b00e    0000001e     ussSwLibCommonUSS.obj (.text:commonDetermineSiliconVersion)
                  0001b02c    0000001e     hal_lcd.obj (.text:hal_lcd_clearSymbol)
                  0001b04a    0000001e     hal_lcd.obj (.text:hal_lcd_setSymbol)
                  0001b068    0000001e     hal_lcd.obj (.text:hal_lcd_turnoffLCD)
                  0001b086    0000001c     ussDCCommandHandlers.obj (.text:CommandHandler_transmitErrorPacket)
                  0001b0a2    0000001c     gpio.obj (.text:GPIO_setOutputHighOnPin)
                  0001b0be    0000001c     gpio.obj (.text:GPIO_setOutputLowOnPin)
                  0001b0da    0000001c     i2cslave.obj (.text:I2CSlave_transactionTimeoutHandler)
                  0001b0f6    0000001c     lcd_c.obj (.text:LCD_C_configChargePump)
                  0001b112    0000001c     rts430x_lc_ld_eabi.lib : mult1632_f5hw.asm.obj (.text:__mpysl)
                  0001b12e    0000001c                            : mult1632_f5hw.asm.obj (.text:__mpyul)
                  0001b14a    0000001c                            : strchr.c.obj (.text:strchr)
                  0001b166    0000001c                            : strcmp.c.obj (.text:strcmp)
                  0001b182    0000001a     testing.obj (.text:Testing_Update_Results)
                  0001b19c    0000001a     rts430x_lc_ld_eabi.lib : assert.c.obj (.text:_abort_msg)
                  0001b1b6    00000018     comm.obj (.text:Comm_setup)
                  0001b1ce    00000018     ussDCCommandHandlers.obj (.text:Handler_abs_tof_additional_id)
                  0001b1e6    00000018     ussDCCommandHandlers.obj (.text:Handler_adc_samp_freq_id)
                  0001b1fe    00000018     ussDCCommandHandlers.obj (.text:Handler_capture_duration_id)
                  0001b216    00000018     ussDCCommandHandlers.obj (.text:Handler_delta_tof_offset_id)
                  0001b22e    00000018     ussDCCommandHandlers.obj (.text:Handler_gain_control_id)
                  0001b246    00000018     ussDCCommandHandlers.obj (.text:Handler_lea_enable)
                  0001b25e    00000018     ussDCCommandHandlers.obj (.text:Handler_meter_constant_id)
                  0001b276    00000018     ussDCCommandHandlers.obj (.text:Handler_over_sampling_rate)
                  0001b28e    00000018     ussDCCommandHandlers.obj (.text:Handler_param10_id)
                  0001b2a6    00000018     ussDCCommandHandlers.obj (.text:Handler_param1_id)
                  0001b2be    00000018     ussDCCommandHandlers.obj (.text:Handler_param2_id)
                  0001b2d6    00000018     ussDCCommandHandlers.obj (.text:Handler_param3_id)
                  0001b2ee    00000018     ussDCCommandHandlers.obj (.text:Handler_param5_id)
                  0001b306    00000018     ussDCCommandHandlers.obj (.text:Handler_param6_id)
                  0001b31e    00000018     ussDCCommandHandlers.obj (.text:Handler_pattern_opt)
                  0001b336    00000018     ussDCCommandHandlers.obj (.text:Handler_sig_samp_freq_id)
                  0001b34e    00000018     ussDCCommandHandlers.obj (.text:Handler_xt2_freq_id)
                  0001b366    00000018     i2cslave.obj (.text:I2CSlave_requestTimeoutHandler)
                  0001b37e    00000018     rts430x_lc_ld_eabi.lib : mult16_f5hw.asm.obj (.text)
                  0001b396    00000016     adc12_b.obj (.text:ADC12_B_disable)
                  0001b3ac    00000016     ussDCCommandHandlers.obj (.text:Handler_gap_pls_adc_start_id)
                  0001b3c2    00000016     ussDCCommandHandlers.obj (.text:Handler_gap_ups_dns_id)
                  0001b3d8    00000016     ussDCCommandHandlers.obj (.text:Handler_gap_ups_ups_id)
                  0001b3ee    00000016     ussDCCommandHandlers.obj (.text:Handler_num_pls_id)
                  0001b404    00000016     ussDCCommandHandlers.obj (.text:Handler_param4_id)
                  0001b41a    00000016     ussDCCommandHandlers.obj (.text:Handler_param7_id)
                  0001b430    00000016     ussDCCommandHandlers.obj (.text:Handler_param8_id)
                  0001b446    00000016     ussDCCommandHandlers.obj (.text:Handler_param9_id)
                  0001b45c    00000016     ussDCCommandHandlers.obj (.text:Handler_plot_abs_dns_id)
                  0001b472    00000016     ussDCCommandHandlers.obj (.text:Handler_plot_abs_ups_id)
                  0001b488    00000016     ussDCCommandHandlers.obj (.text:Handler_plot_dtof_id)
                  0001b49e    00000016     ussDCCommandHandlers.obj (.text:Handler_plot_vol_id)
                  0001b4b4    00000016     ussDCCommandHandlers.obj (.text:Handler_req_app_req_captures)
                  0001b4ca    00000016     ussDCCommandHandlers.obj (.text:Handler_req_app_req_data)
                  0001b4e0    00000016     ussDCCommandHandlers.obj (.text:Handler_req_app_req_update)
                  0001b4f6    00000016     rts430x_lc_ld_eabi.lib : copy_decompress_none.c.obj (.text:decompress:none:__TI_decompress_none)
                  0001b50c    00000016                            : memory.c.obj (.text:heap_start)
                  0001b522    00000016     port_min.obj (.text:min_application_handler)
                  0001b538    00000016     rts430x_lc_ld_eabi.lib : div16u.asm.obj (.text)
                  0001b54e    00000014     adc12_b.obj (.text:ADC12_B_clearInterrupt)
                  0001b562    00000012     cs.obj (.text:CS_setExternalClockSource)
                  0001b574    00000012     checksum.obj (.text:Checksum_computeChecksum)
                  0001b586    00000012     checksum.obj (.text:Checksum_verifyChecksum)
                  0001b598    00000012     comm.obj (.text:Comm_addCmdListener)
                  0001b5aa    00000012     ussDCCommandHandlers.obj (.text:CommandHandler_setApplicationVersion)
                  0001b5bc    00000012     ussSwLibVFRCalib.obj (.text:USS_calibrateVolumeFlowRate)
                  0001b5ce    00000012     ussSwLibMeasurement.obj (.text:USS_waitForAppTimerElapse)
                  0001b5e0    00000012     wdt_a.obj (.text:WDT_A_resetTimer)
                  0001b5f2    00000012     wdt_a.obj (.text:WDT_A_start)
                  0001b604    00000012     hal_system.obj (.text:hal_system_GetResetSource)
                  0001b616    00000012     port_min.obj (.text:min_tx_byte)
                  0001b628    00000012     rts430x_lc_ld_eabi.lib : strcpy.c.obj (.text:strcpy)
                  0001b63a    00000012                            : strlen.c.obj (.text:strlen)
                  0001b64c    00000010     lcd_c.obj (.text:LCD_C_setVLCDVoltage)
                  0001b65c    00000010     ref_a.obj (.text:Ref_A_isVariableReferenceVoltageOutputReady)
                  0001b66c    00000010     wdt_a.obj (.text:WDT_A_initWatchdogTimer)
                  0001b67c    00000010     rts430x_lc_ld_eabi.lib : asr32.asm.obj (.text:l_asr)
                  0001b68c    00000010                            : lsl32.asm.obj (.text:l_lsl)
                  0001b69c    00000010                            : lsr32.asm.obj (.text:l_lsr)
                  0001b6ac    00000010     port_min.obj (.text:min_register_rx_callback)
                  0001b6bc    0000000e     adc12_b.obj (.text:ADC12_B_enable)
                  0001b6ca    0000000e     adc12_b.obj (.text:ADC12_B_getResults)
                  0001b6d8    0000000e     ref_a.obj (.text:Ref_A_setReferenceVoltage)
                  0001b6e6    0000000e     ussSwLibMeasurement.obj (.text:USS_configAppTimerPeriod)
                  0001b6f4    0000000e     rts430x_lc_ld_eabi.lib : labs.c.obj (.text:labs)
                  0001b702    0000000e     min.obj (.text:min_init_context)
                  0001b710    0000000c     eusci_b_i2c.obj (.text:EUSCI_B_I2C_clearInterrupt)
                  0001b71c    0000000c     eusci_b_i2c.obj (.text:EUSCI_B_I2C_enableInterrupt)
                  0001b728    0000000c     eusci_b_i2c.obj (.text:EUSCI_B_I2C_slavePutData)
                  0001b734    0000000c     lcd_c.obj (.text:LCD_C_clearMemory)
                  0001b740    0000000c     ussSwLibCommonInterrupts.obj (.text:commonEnableCaptureInterrupts)
                  0001b74c    0000000c     lcd_statemachine.obj (.text:lcd_statemachine_isSleep)
                  0001b758    0000000c     rts430x_lc_ld_eabi.lib : memory.c.obj (.text:malloc)
                  0001b764    0000000a     eusci_b_i2c.obj (.text:EUSCI_B_I2C_getInterruptStatus)
                  0001b76e    0000000a     eusci_b_i2c.obj (.text:EUSCI_B_I2C_slaveGetData)
                  0001b778    0000000a     lcd_c.obj (.text:LCD_C_disableChargePump)
                  0001b782    0000000a     ref_a.obj (.text:Ref_A_isRefGenBusy)
                  0001b78c    0000000a     system_pre_init.obj (.text:_system_pre_init)
                  0001b796    0000000a     rts430x_lc_ld_eabi.lib : abs.c.obj (.text:abs)
                  0001b7a0    0000000a                            : fs_neg.asm.obj (.text)
                  0001b7aa    0000000a                            : lsl16.asm.obj (.text)
                  0001b7b4    0000000a                            : lsr16.asm.obj (.text)
                  0001b7be    00000008     eusci_b_i2c.obj (.text:EUSCI_B_I2C_getMode)
                  0001b7c6    00000008     timeout.obj (.text:Timer_stopDelayedFunctionTimer)
                  0001b7ce    00000008     hal_lcd.obj (.text:hal_lcd_clearLCD)
                  0001b7d6    00000008     hal_lcd.obj (.text:hal_lcd_turnonLCD)
                  0001b7de    00000008     hal_system.obj (.text:hal_system_WatchdogFeed)
                  0001b7e6    00000006     ussDCCommandHandlers.obj (.text:CommandHandler_getUserParamsPtr)
                  0001b7ec    00000006     ussDCCommandHandlers.obj (.text:CommandHandler_setAdvMtrCalibTableStatus)
                  0001b7f2    00000006     eusci_b_i2c.obj (.text:EUSCI_B_I2C_disable)
                  0001b7f8    00000006     eusci_b_i2c.obj (.text:EUSCI_B_I2C_enable)
                  0001b7fe    00000006     hmi.obj (.text:HMI_GetStatus)
                  0001b804    00000006     hmi.obj (.text:HMI_isLPMEnabled)
                  0001b80a    00000006     lcd_c.obj (.text:LCD_C_off)
                  0001b810    00000006     lcd_c.obj (.text:LCD_C_on)
                  0001b816    00000006     pmm.obj (.text:PMM_unlockLPM5)
                  0001b81c    00000006     ref_a.obj (.text:Ref_A_disableReferenceVoltage)
                  0001b822    00000006     ref_a.obj (.text:Ref_A_enableReferenceVoltage)
                  0001b828    00000006     rts430x_lc_ld_eabi.lib : fltud.c.obj (.text:__mspabi_fltud)
                  0001b82e    00000006                            : exit.c.obj (.text:abort)
                  0001b834    00000006     port_min.obj (.text:min_tx_space)
                  0001b83a    00000004     testing.obj (.text:Testing_GUIUpdate_PostUSSConfig)
                  0001b83e    00000004     testing.obj (.text:Testing_GUIUpdate_PreUSSConfig)
                  0001b842    00000002     testing.obj (.text:Testing_PostAlgorithm_Update)
                  0001b844    00000002     testing.obj (.text:Testing_PreMeasurement_Update)
                  0001b846    00000002     rts430x_lc_ld_eabi.lib : _lock.c.obj (.text:_nop)
                  0001b848    00000002                            : startup.c.obj (.text:_system_post_cinit)
                  0001b84a    00000002     port_min.obj (.text:min_tx_finished)
                  0001b84c    00000002     port_min.obj (.text:min_tx_start)

MODULE SUMMARY

       Module                                code    ro data   rw data
       ------                                ----    -------   -------
    .\
       main.obj                              48      8         0      
       system_pre_init.obj                   10      0         0      
    +--+-------------------------------------+-------+---------+---------+
       Total:                                58      8         0      
                                                                      
    .\USSLibGUIApp\fr6047_USS_app\
       USSLibGUIApp.obj                      382     0         26     
    +--+-------------------------------------+-------+---------+---------+
       Total:                                382     0         26     
                                                                      
    .\USSLibGUIApp\fr6047_USS_app\hmiDC\
       hmi.obj                               2714    0         157    
    +--+-------------------------------------+-------+---------+---------+
       Total:                                2714    0         157    
                                                                      
    .\USSLibGUIApp\fr6047_USS_app\lcd_statemachineDC\
       lcd_statemachine.obj                  1350    182       38     
    +--+-------------------------------------+-------+---------+---------+
       Total:                                1350    182       38     
                                                                      
    .\USSLibGUIApp\fr6047_USS_app\mathematicsDC\
       mathematics.obj                       1400    0         16     
    +--+-------------------------------------+-------+---------+---------+
       Total:                                1400    0         16     
                                                                      
    .\USSLibGUIApp\fr6047_USS_app\resultsDC\
       results.obj                           392     0         836    
    +--+-------------------------------------+-------+---------+---------+
       Total:                                392     0         836    
                                                                      
    .\USSLibGUIApp\fr6047_USS_app\testingDC\
       testing.obj                           166     0         2      
    +--+-------------------------------------+-------+---------+---------+
       Total:                                166     0         2      
                                                                      
    .\USS_Config\
       USS_userConfig.obj                    0       1024      5550   
       USS_App_userConfig.obj                0       0         2      
    +--+-------------------------------------+-------+---------+---------+
       Total:                                0       1024      5552   
                                                                      
    .\bsp\
       board_v1_0.obj                        30      0         72     
    +--+-------------------------------------+-------+---------+---------+
       Total:                                30      0         72     
                                                                      
    .\common\DesignCenter\comm\
       comm_config.obj                       0       0         482    
       comm.obj                              172     16        223    
    +--+-------------------------------------+-------+---------+---------+
       Total:                                172     16        705    
                                                                      
    .\common\DesignCenter\comm\drivers\
       i2cslave.obj                          648     20        14     
       timeout.obj                           214     4         4      
    +--+-------------------------------------+-------+---------+---------+
       Total:                                862     24        18     
                                                                      
    .\common\DesignCenter\comm\protocol\
       packet.obj                            304     0         2      
       listener.obj                          170     0         0      
       checksum.obj                          36      0         0      
    +--+-------------------------------------+-------+---------+---------+
       Total:                                510     0         2      
                                                                      
    .\common\DesignCenter\comm\utils\
       byte_queue.obj                        262     0         0      
    +--+-------------------------------------+-------+---------+---------+
       Total:                                262     0         0      
                                                                      
    .\common\DesignCenter\ussDC\
       ussDCCommandHandlers.obj              3832    27        118    
    +--+-------------------------------------+-------+---------+---------+
       Total:                                3832    27        118    
                                                                      
    .\driverlib\MSP430FR5xx_6xx\
       gpio.obj                              476     28        0      
       lcd_c.obj                             436     0         0      
       adc12_b.obj                           418     0         0      
       cs.obj                                402     0         8      
       eusci_b_i2c.obj                       118     0         0      
       tlv.obj                               76      0         0      
       ref_a.obj                             52      0         0      
       wdt_a.obj                             52      0         0      
       eusci_a_uart.obj                      32      0         0      
       pmm.obj                               6       0         0      
    +--+-------------------------------------+-------+---------+---------+
       Total:                                2068    28        8      
                                                                      
    .\drivers\
       uart.obj                              784     1210      16     
    +--+-------------------------------------+-------+---------+---------+
       Total:                                784     1210      16     
                                                                      
    .\hal\fr6047EVM\
       hal_lcd.obj                           836     116       30     
       hal_system.obj                        826     0         0      
       hal_adc.obj                           614     12        18     
       hal_uart.obj                          30      2         1      
    +--+-------------------------------------+-------+---------+---------+
       Total:                                2306    130       49     
                                                                      
    .\middleware\
       epsoncomm.obj                         104     0         922    
       min.obj                               794     0         0      
       port_min.obj                          66      0         16     
    +--+-------------------------------------+-------+---------+---------+
       Total:                                964     0         938    
                                                                      
    .\ussSWLib\source\private\
       ussSwLibAlgorithms.obj                2784    0         324    
       ussSwLibCommonAlgorithms.obj          400     8         0      
    +--+-------------------------------------+-------+---------+---------+
       Total:                                3184    8         324    
                                                                      
    .\ussSWLib\source\private\algorithms\
       USS_computeDeltaTOF_estimate.obj      2268    126       0      
       USS_init.obj                          1222    0         0      
       USS_math.obj                          1080    0         8      
       USS_support_lea.obj                   1084    0         0      
       USS_computeAbsTOF_lobe.obj            1048    0         0      
       USS_cosInterpolation.obj              344     0         0      
       USS_updateADCParams.obj               316     0         0      
       USS_run.obj                           178     0         0      
       USS_filter.obj                        174     0         0      
       USS_computeVolumeFlowRate_water.obj   138     0         0      
       USS_lea.obj                           78      0         26     
    +--+-------------------------------------+-------+---------+---------+
       Total:                                7930    126       34     
                                                                      
    .\ussSWLib\source\public\
       ussSwLibConfiguration.obj             980     0         0      
       ussSwLibMeasurement.obj               400     0         0      
       ussSwLibVFRCalibFlow.obj              254     0         0      
       ussSwLibVFRCalib.obj                  18      0         0      
       ussSwLibISR.obj                       0       0         4      
    +--+-------------------------------------+-------+---------+---------+
       Total:                                1652    0         4      
                                                                      
    .\ussSWLib\source\public\USS_HAL\
       USS_Lib_HAL.obj                       500     16        58     
    +--+-------------------------------------+-------+---------+---------+
       Total:                                500     16        58     
                                                                      
    .\ussSWLib\source\public\common\
       ussSwLibCommonSAPH.obj                986     0         0      
       ussSwLibCommonUSS.obj                 520     0         0      
       ussSwLibCommonTimer.obj               420     0         0      
       ussSwLibCommonHSPLL.obj               248     0         0      
       ussSwLibCommonSDHS.obj                244     0         0      
       ussSwLibCommonInterrupts.obj          102     0         0      
    +--+-------------------------------------+-------+---------+---------+
       Total:                                2520    0         0      
                                                                      
    C:\Users\mm242\Documents\ccs-workspace\UltrasonicWaterFR604x_02_40_00_00\lib\IQMathLibrary\libraries\CCS\MPY32\5xx_6xx\IQmathLib_CCS_MPY32_5xx_6xx_CPUX_large_code_large_data.lib
       _IQNdiv.o                             468     0         0      
       _IQNtoF.o                             456     0         0      
       __IQNrsmpy.o                          378     0         0      
       __IQNmpy.o                            304     0         0      
       __IQNrmpy.o                           86      0         0      
       _IQNtables.o                          0       65        0      
    +--+-------------------------------------+-------+---------+---------+
       Total:                                1692    65        0      
                                                                      
    C:\Users\mm242\Documents\ccs-workspace\UltrasonicWaterFR604x_02_40_00_00\lib\IQMathLibrary\libraries\CCS\MPY32\5xx_6xx\QmathLib_CCS_MPY32_5xx_6xx_CPUX_large_code_large_data.lib
       _QNtables.o                           0       256       0      
       _QNdiv.o                              190     0         0      
       __QNrmpy.o                            78      0         0      
    +--+-------------------------------------+-------+---------+---------+
       Total:                                268     256       0      
                                                                      
    C:\ti\ccs1110\ccs\tools\compiler\ti-cgt-msp430_21.6.0.LTS\lib\rts430x_lc_ld_eabi.lib
       addd.c.obj                            1834    0         0      
       frcdivd.c.obj                         1126    0         0      
       memory.c.obj                          1110    0         6      
       div64u.c.obj                          846     0         0      
       e_sqrt.c.obj                          734     0         0      
       mpyd.c.obj                            664     0         0      
       divd.c.obj                            546     0         0      
       s_floor.c.obj                         452     0         0      
       trgmsg.c.obj                          104     0         288    
       defs.c.obj                            0       0         362    
       frcmpyd.c.obj                         356     0         0      
       fputs.c.obj                           346     0         0      
       fs_add.asm.obj                        306     0         0      
       s_round.c.obj                         262     0         0      
       setvbuf.c.obj                         250     0         0      
       cmpd.c.obj                            216     0         0      
       fflush.c.obj                          184     0         0      
       fs_mpy.asm.obj                        184     0         0      
       host_device.c.obj                     0       0         180    
       cvtdf.c.obj                           178     0         0      
       fltlid.c.obj                          158     0         0      
       hostlseek.c.obj                       154     0         0      
       getdevice.c.obj                       152     0         0      
       fs_div.asm.obj                        144     0         0      
       _io_perm.c.obj                        134     0         0      
       fltuld.c.obj                          128     0         0      
       fs_tol.asm.obj                        126     0         0      
       autoinit.c.obj                        120     0         0      
       hostopen.c.obj                        112     0         8      
       copy_decompress_lzss.c.obj            118     0         0      
       fclose.c.obj                          116     0         0      
       fseek.c.obj                           116     0         0      
       hostrename.c.obj                      116     0         0      
       hostwrite.c.obj                       108     0         0      
       hostread.c.obj                        106     0         0      
       fixdul.c.obj                          104     0         0      
       fs_toi.asm.obj                        104     0         0      
       cvtfd.c.obj                           100     0         0      
       mult64_f5hw.asm.obj                   92      0         0      
       close.c.obj                           90      0         0      
       div32u.asm.obj                        88      0         0      
       rem64u.c.obj                          84      0         0      
       exit.c.obj                            80      0         2      
       asr32.asm.obj                         78      0         0      
       hostclose.c.obj                       78      0         0      
       lsl32.asm.obj                         78      0         0      
       lsr32.asm.obj                         78      0         0      
       strncpy.c.obj                         78      0         0      
       fs_toul.asm.obj                       76      0         0      
       fs_cmp.asm.obj                        74      0         0      
       fs_ltof.asm.obj                       74      0         0      
       fs_tou.asm.obj                        70      0         0      
       hostunlink.c.obj                      70      0         0      
       asr64.c.obj                           64      0         0      
       div32s.asm.obj                        64      0         0      
       lseek.c.obj                           62      0         0      
       memcpy.c.obj                          60      0         0      
       write.c.obj                           60      0         0      
       lsl64.c.obj                           58      0         0      
       lsr64.c.obj                           58      0         0      
       mult1632_f5hw.asm.obj                 56      0         0      
       fopen.c.obj                           54      0         0      
       fs_itof.asm.obj                       54      0         0      
       fs_ultof.asm.obj                      50      0         0      
       subd.c.obj                            50      0         0      
       unlink.c.obj                          48      0         0      
       negd.c.obj                            46      0         0      
       div16s.asm.obj                        44      0         0      
       mult3264_f5hw.asm.obj                 44      0         0      
       copy_zero_init.c.obj                  36      0         0      
       fs_utof.asm.obj                       36      0         0      
       mult32_f5hw.asm.obj                   36      0         0      
       memchr.c.obj                          32      0         0      
       boot.c.obj                            28      2         0      
       strchr.c.obj                          28      0         0      
       strcmp.c.obj                          28      0         0      
[...]
0001739a  hal_lcd_Init                                     
0001742a  __mspabi_divf                                    
000174ba  USSLibGUIApp_Engine                              
00017544  USS_calibrateVFRFlow                             
000175ce  USS_computeVolumeFlowRate_water                  
00017658  ADC12_B_init                                     
000176e0  USSLibGUIApp_Init                                
00017768  LCD_C_setPinAsLCDFunctionEx                      
000177ee  __TI_wrt_ok                                      
000178f6  USS_updateSDHSConfiguration                      
00017978  Testing_PostMeasurement_Update                   
000179f8  _IQ15rsmpy                                       
00017a78  __mspabi_fltuld                                  
00017af8  commonTimerGenerateLowPowerDelay                 
00017b78  hal_lcd_showBattery                              
00017bf8  CommandHandler_transmitCaptures                  
00017c76  HMI_PreMeasurement_Update                        
00017cf4  _IQ19rsmpy                                       
00017d72  __mspabi_fixfli                                  
00017df0  _IQ30rsmpy                                       
00017e6c  commonValidateSDHSconfigruation                  
00017ee6  __TI_auto_init_nobinit_nopinit_hold_wdt          
00017f5e  lcd_satemachine_srollState                       
00017fd6  mathematics_CalcPercentage                       
0001804e  __TI_decompress_lzss                             
000180c4  HOSTrename                                       
00018138  USS_findMeterConstantRange                       
000181ac  USS_runAlgorithmsFixedPoint                      
00018220  __TI_closefile                                   
00018294  fseek                                            
00018294  fseeko                                           
00018308  mathematics_CalcAverageflt                       
0001837c  _IQ16toF                                         
000183ee  _IQ21toF                                         
00018460  _IQ27toF                                         
000184d2  _IQ30toF                                         
00018544  HOSTopen                                         
00018622  HOSTwrite                                        
0001868e  USSLibGUIApp_ReInitialize                        
000186fa  USS_startLowPowerUltrasonicCapture               
00018766  UartSend                                         
000187d2  HOSTread                                         
0001883c  results_Reset                                    
000188a6  GPIO_setAsPeripheralModuleFunctionInputPin       
0001890e  __mspabi_fixdul                                  
00018976  __mspabi_fixfi                                   
00018a46  commonValidateAlgorithmsConfiguration            
00018aac  __mspabi_cvtfd                                   
00018b10  lcd_statemachine_displayAvgFlowRate              
00018b74  lcd_statemachine_displayFlowRate                 
00018bd8  lcd_statemachine_displayVolume                   
00018c3c  mathematics_IntToStr                             
00018ca0  I2CSlave_openPort                                
00018d02  getdevice                                        
00018d64  __TI_doflush                                     
00018dc4  commonValidateMeterConstantConfiguration         
00018e82  Listener_registerListener                        
00018ee0  USS_addOffset                                    
00018f9c  USS_scaleSamples                                 
00018ffa  hal_system_ButtonsCheck                          
00019058  hal_system_ButtonsInit                           
000190b6  _IQ21mpy                                         
00019112  __mspabi_mpyll_f5hw                              
000191c8  close                                            
00019222  commonWaitForconversion                          
0001927c  ByteQueue_push                                   
000192d4  fflush                                           
0001932c  __mspabi_divul                                   
0001932c  __mspabi_remul                                   
00019384  CS_initClockSignal                               
000193da  _IQ12rmpy                                        
00019486  USS_addSamples                                   
000194da  _IQ20mpy                                         
0001952e  __mspabi_remull                                  
00019582  LCD_C_setMemory                                  
000195d4  USS_fir                                          
00019626  USS_copyArrayRight                               
00019676  hal_system_ButtonsClearInt                       
000196c6  HOSTclose                                        
00019714  USS_copyArrayLeft                                
00019762  USS_lea_init                                     
000197b0  _Q12rmpy                                         
000197fe  commonTimerConfigureTimer                        
0001984c  strncpy                                          
0001989a  Listener_lookupHandler                           
000198e6  TLV_getInfo                                      
00019932  USS_updateUSSInterruptsConfiguration             
0001997e  __mspabi_fixful                                  
000199ca  GPIO_setAsInputPinWithPullUpResistor             
00019a14  USS_configureUltrasonicMeasurement               
00019a5e  exit                                             
00019aa8  lcd_statemachine_displayAvgDeltaTOF              
00019af2  lcd_statemachine_displayDeltaTOF                 
00019b3c  lcd_statemachine_displayDeltaTOFStandardDeviation
00019b86  __mspabi_cmpf                                    
00019bd0  __mspabi_fltlif                                  
00019c1a  UartReadBytes                                    
00019c62  _IQ30mpy                                         
00019cf2  HOSTunlink                                       
00019d38  USS_copy                                         
00019dc4  __mspabi_fixfu                                   
00019e0a  Timer_scheduleDelayedFunction                    
00019e4e  CommandHandler_transmittAdvancedDebugData        
00019e90  CommandHandler_transmittDebugData                
00019ed0  GPIO_setAsInputPin                               
00019f10  __mspabi_srall                                   
00019f50  commonDetermineVariant                           
00019f90  __mspabi_divli                                   
00019f90  __mspabi_remli                                   
0001a010  ByteQueue_pull                                   
0001a04e  commonSDHSConfigModOpt                           
0001a0ca  __mspabi_sral_15                                 
0001a0ce  __mspabi_sral_14                                 
0001a0d2  __mspabi_sral_13                                 
0001a0d6  __mspabi_sral_12                                 
0001a0da  __mspabi_sral_11                                 
0001a0de  __mspabi_sral_10                                 
0001a0e2  __mspabi_sral_9                                  
0001a0e6  __mspabi_sral_8                                  
0001a0ea  __mspabi_sral_7                                  
0001a0ee  __mspabi_sral_6                                  
0001a0f2  __mspabi_sral_5                                  
0001a0f6  __mspabi_sral_4                                  
0001a0fa  __mspabi_sral_3                                  
0001a0fe  __mspabi_sral_2                                  
0001a102  __mspabi_sral_1                                  
0001a108  __mspabi_slll_15                                 
0001a10c  __mspabi_slll_14                                 
0001a110  __mspabi_slll_13                                 
0001a114  __mspabi_slll_12                                 
0001a118  __mspabi_slll_11                                 
0001a11c  __mspabi_slll_10                                 
0001a120  __mspabi_slll_9                                  
0001a124  __mspabi_slll_8                                  
0001a128  __mspabi_slll_7                                  
0001a12c  __mspabi_slll_6                                  
0001a130  __mspabi_slll_5                                  
0001a134  __mspabi_slll_4                                  
0001a138  __mspabi_slll_3                                  
0001a13c  __mspabi_slll_2                                  
0001a140  __mspabi_slll_1                                  
0001a146  __mspabi_srll_15                                 
0001a14a  __mspabi_srll_14                                 
0001a14e  __mspabi_srll_13                                 
0001a152  __mspabi_srll_12                                 
0001a156  __mspabi_srll_11                                 
0001a15a  __mspabi_srll_10                                 
0001a15e  __mspabi_srll_9                                  
0001a162  __mspabi_srll_8                                  
0001a166  __mspabi_srll_7                                  
0001a16a  __mspabi_srll_6                                  
0001a16e  __mspabi_srll_5                                  
0001a172  __mspabi_srll_4                                  
0001a176  __mspabi_srll_3                                  
0001a17a  __mspabi_srll_2                                  
0001a17e  __mspabi_srll_1                                  
0001a184  lseek                                            
0001a1c2  ADC12_B_configureMemory                          
0001a1fe  commonSDHSRestoreSDHSDTCA                        
0001a23a  lcd_statemachine_writeLCD                        
0001a276  memcpy                                           
0001a2b2  min_poll                                         
0001a2ee  resultsCalcVolume                                
0001a32a  write                                            
0001a366  CS_turnOnLFXT                                    
0001a3a0  __mspabi_sllll                                   
0001a3da  __mspabi_srlll                                   
0001a414  CommandHandler_rxUpdate                          
0001a44c  I2CSlave_setRequestFlag                          
0001a484  USS_zeroInit                                     
0001a4bc  _IQ16mpy                                         
0001a4f4  commonTimerConfigureTick                         
0001a52c  __TI_cleanup                                     
0001a562  __TI_writemsg                                    
0001a594  C$$IO$$                                          
0001a598  finddevice                                       
0001a5ce  __mspabi_fltif                                   
0001a604  Comm_writePacket                                 
0001a638  GPIO_setAsOutputPin                              
0001a66c  USS_getDNSPtr                                    
0001a6a0  USS_getUPSPtr                                    
0001a6d4  GPIO_getInterruptStatus                          
0001a706  __TI_readmsg                                     
0001a738  __mspabi_subd                                    
0001a76a  commonDisableCaptureInterrupts                   
0001a79c  hal_system_ButtonsClearAll                       
0001a7ce  __mspabi_fltulf                                  
0001a800  ADC12_B_startConversion                          
0001a830  HMI_Init                                         
0001a860  LCD_C_init                                       
0001a890  commonTimerConfigureDelay                        
0001a8c0  main                                             
0001a920  remove                                           
0001a920  unlink                                           
0001a950  Comm_listenForCmd                                
0001a97e  GPIO_selectInterruptEdge                         
0001a9ac  LCD_C_setVLCDSource                              
0001a9da  __mspabi_negd                                    
0001aa08  commonValidateHSPLLconfiguration                 
0001aa36  hal_system_LEDOff                                
0001aa64  hal_system_LEDOn                                 
0001aa92  mathematics_Reverse                              
0001aac0  Packet_appendChecksum                            
0001aaec  __mspabi_mpyull_f5hw                             
0001ab18  lcd_statemachine_clearWriteData                  
0001ab44  __mspabi_divi                                    
0001ab44  __mspabi_remi                                    
0001ab70  CommandHandler_transmitUserErrorMsgPacket        
0001ab9a  EUSCI_B_I2C_initSlave                            
0001abc4  HMI_PostMeasurement_Update                       
0001abee  I2CSlave_setTransmitBuffer                       
0001ac42  ByteQueue_isFull                                 
0001ac6a  CommandHandler_updateCalibParams                 
0001ac92  EpsonCommInit                                    
0001acba  Timer_cancelDelayedFunction                      
0001ad0a  commonTimerWaitTickEvent                         
0001ad30  ADC12_B_disableInterrupt                         
0001ad54  ADC12_B_enableInterrupt                          
0001ad78  ByteQueue_getLength                              
0001ad9c  ByteQueue_init                                   
0001adc0  __TI_zero_init                                   
0001ae08  __mspabi_fltuf                                   
0001ae2c  __mspabi_mpyl_f5hw                               
0001ae50  CommandHandler_calibUpdate                       
0001ae72  CommandHandler_transmitUserMessagePacket         
0001ae94  lcd_statemachine_displayBatteryVoltage           
0001aeb6  ADC12_B_setupSamplingTimer                       
0001aed6  Comm_i2cReceiveHandler                           
0001aef6  EUSCI_A_UART_receiveData                         
0001af36  RunEpsonCommFSM                                  
0001af76  memchr                                           
0001af96  Board_InitPeripherals                            
0001afb4  GPIO_clearInterrupt                              
0001afd2  Timer_startDelayedFunctionTimer                  
0001aff0  USS_updateUUPSConfiguration                      
0001b00e  commonDetermineSiliconVersion                    
0001b02c  hal_lcd_clearSymbol                              
0001b04a  hal_lcd_setSymbol                                
0001b068  hal_lcd_turnoffLCD                               
0001b086  CommandHandler_transmitErrorPacket               
0001b0a2  GPIO_setOutputHighOnPin                          
0001b0be  GPIO_setOutputLowOnPin                           
0001b0f6  LCD_C_configChargePump                           
0001b112  __mspabi_mpysl_f5hw                              
0001b12e  __mspabi_mpyul_f5hw                              
0001b14a  strchr                                           
0001b166  strcmp                                           
0001b182  Testing_Update_Results                           
0001b19c  _abort_msg                                       
0001b1b6  Comm_setup                                       
0001b37e  __mspabi_mpyi_f5hw                               
0001b396  ADC12_B_disable                                  
0001b4f6  __TI_decompress_none                             
0001b522  min_application_handler                          
0001b538  __mspabi_divu                                    
0001b538  __mspabi_remu                                    
0001b54e  ADC12_B_clearInterrupt                           
0001b562  CS_setExternalClockSource                        
0001b574  Checksum_computeChecksum                         
0001b586  Checksum_verifyChecksum                          
0001b598  Comm_addCmdListener                              
0001b5aa  CommandHandler_setApplicationVersion             
0001b5bc  USS_calibrateVolumeFlowRate                      
0001b5ce  USS_waitForAppTimerElapse                        
0001b5e0  WDT_A_resetTimer                                 
0001b5f2  WDT_A_start                                      
0001b604  hal_system_GetResetSource                        
0001b616  min_tx_byte                                      
0001b628  strcpy                                           
0001b63a  strlen                                           
0001b64c  LCD_C_setVLCDVoltage                             
0001b65c  Ref_A_isVariableReferenceVoltageOutputReady      
0001b66c  WDT_A_initWatchdogTimer                          
0001b67c  __mspabi_sral                                    
0001b68c  __mspabi_slll                                    
0001b69c  __mspabi_srll                                    
0001b6ac  min_register_rx_callback                         
0001b6bc  ADC12_B_enable                                   
0001b6ca  ADC12_B_getResults                               
0001b6d8  Ref_A_setReferenceVoltage                        
0001b6e6  USS_configAppTimerPeriod                         
0001b6f4  labs                                             
0001b702  min_init_context                                 
0001b710  EUSCI_B_I2C_clearInterrupt                       
0001b71c  EUSCI_B_I2C_enableInterrupt                      
0001b728  EUSCI_B_I2C_slavePutData                         
0001b734  LCD_C_clearMemory                                
0001b740  commonEnableCaptureInterrupts                    
0001b74c  lcd_statemachine_isSleep                         
0001b758  malloc                                           
0001b764  EUSCI_B_I2C_getInterruptStatus                   
0001b76e  EUSCI_B_I2C_slaveGetData                         
0001b778  LCD_C_disableChargePump                          
0001b782  Ref_A_isRefGenBusy                               
0001b78c  _system_pre_init                                 
0001b796  abs                                              
0001b7a0  __mspabi_negf                                    
0001b7aa  __mspabi_slli                                    
0001b7b4  __mspabi_srli                                    
0001b7be  EUSCI_B_I2C_getMode                              
0001b7c6  Timer_stopDelayedFunctionTimer                   
0001b7ce  hal_lcd_clearLCD                                 
0001b7d6  hal_lcd_turnonLCD                                
0001b7de  hal_system_WatchdogFeed                          
0001b7e6  CommandHandler_getUserParamsPtr                  
0001b7ec  CommandHandler_setAdvMtrCalibTableStatus         
0001b7f2  EUSCI_B_I2C_disable                              
0001b7f8  EUSCI_B_I2C_enable                               
0001b7fe  HMI_GetStatus                                    
0001b804  HMI_isLPMEnabled                                 
0001b80a  LCD_C_off                                        
0001b810  LCD_C_on                                         
0001b816  PMM_unlockLPM5                                   
0001b81c  Ref_A_disableReferenceVoltage                    
0001b822  Ref_A_enableReferenceVoltage                     
0001b828  __mspabi_fltud                                   
0001b82e  C$$EXIT                                          
0001b82e  abort                                            
0001b834  min_tx_space                                     
0001b83a  Testing_GUIUpdate_PostUSSConfig                  
0001b83e  Testing_GUIUpdate_PreUSSConfig                   
0001b842  Testing_PostAlgorithm_Update                     
0001b844  Testing_PreMeasurement_Update                    
0001b846  _nop                                             
0001b848  _system_post_cinit                               
0001b84a  min_tx_finished                                  
0001b84c  min_tx_start                                     
00043ff0  app_version                                      
00043ff8  lib_version                                      
ffffffff  __TI_pprof_out_hndl                              
ffffffff  __TI_prof_data_size                              
ffffffff  __TI_prof_data_start                             
ffffffff  __c_args__                                       

[2367 symbols]
